Archive member included because of file (symbol)

C:\kf32_workspace_copy\KF32A156_DEMO_PMSM_FOC_V1_1/libkf32a156foc2shunt.a(angle_est.o)
                              ./application/control.o (CalculateParkAngle)
C:\kf32_workspace_copy\KF32A156_DEMO_PMSM_FOC_V1_1/libkf32a156foc2shunt.a(libkf32foc.o)
                              ./application/alarm.o (Q15abs)
C:/Program Files (x86)/ChipON IDE/KungFu32/ChiponCC32/ccr1_issue/lib/libSeriesDIServices.a(__X2CScopeWrapper.o)
                              ./application/commu.o (X2CScope_Initialise)
C:/Program Files (x86)/ChipON IDE/KungFu32/ChiponCC32/ccr1_issue/lib/libSeriesDIServices.a(__BlockServicesX2C.o)
                              C:/Program Files (x86)/ChipON IDE/KungFu32/ChiponCC32/ccr1_issue/lib/libSeriesDIServices.a(__X2CScopeWrapper.o) (addBlockServices)
C:/Program Files (x86)/ChipON IDE/KungFu32/ChiponCC32/ccr1_issue/lib/libSeriesDIServices.a(__LNet.o)
                              C:/Program Files (x86)/ChipON IDE/KungFu32/ChiponCC32/ccr1_issue/lib/libSeriesDIServices.a(__X2CScopeWrapper.o) (initLNet)
C:/Program Files (x86)/ChipON IDE/KungFu32/ChiponCC32/ccr1_issue/lib/libSeriesDIServices.a(__SerialGeneric.o)
                              C:/Program Files (x86)/ChipON IDE/KungFu32/ChiponCC32/ccr1_issue/lib/libSeriesDIServices.a(__X2CScopeWrapper.o) (initSerialGeneric)
C:/Program Files (x86)/ChipON IDE/KungFu32/ChiponCC32/ccr1_issue/lib/libSeriesDIServices.a(__Services.o)
                              C:/Program Files (x86)/ChipON IDE/KungFu32/ChiponCC32/ccr1_issue/lib/libSeriesDIServices.a(__BlockServicesX2C.o) (sendError)
C:/Program Files (x86)/ChipON IDE/KungFu32/ChiponCC32/ccr1_issue/lib/libSeriesDIServices.a(__TableStruct.o)
                              C:/Program Files (x86)/ChipON IDE/KungFu32/ChiponCC32/ccr1_issue/lib/libSeriesDIServices.a(__X2CScopeWrapper.o) (initTableStruct)
C:/Program Files (x86)/ChipON IDE/KungFu32/ChiponCC32/ccr1_issue/lib/libSeriesDIServices.a(__VersionInfo.o)
                              C:/Program Files (x86)/ChipON IDE/KungFu32/ChiponCC32/ccr1_issue/lib/libSeriesDIServices.a(__X2CScopeWrapper.o) (initVersionInfo)
C:/Program Files (x86)/ChipON IDE/KungFu32/ChiponCC32/ccr1_issue/lib/libSeriesDIServices.a(__X2C.o)
                              C:/Program Files (x86)/ChipON IDE/KungFu32/ChiponCC32/ccr1_issue/lib/libSeriesDIServices.a(__X2CScopeWrapper.o) (X2C_Init)
C:/Program Files (x86)/ChipON IDE/KungFu32/ChiponCC32/ccr1_issue/lib/libSeriesDIServices.a(__Scope_Main.o)
                              C:/Program Files (x86)/ChipON IDE/KungFu32/ChiponCC32/ccr1_issue/lib/libSeriesDIServices.a(__X2C.o) (Scope_Main_Init)
C:/Program Files (x86)/ChipON IDE/KungFu32/ChiponCC32/ccr1_issue/lib/libSeriesDIServices.a(__CommonFcts.o)
                              C:/Program Files (x86)/ChipON IDE/KungFu32/ChiponCC32/ccr1_issue/lib/libSeriesDIServices.a(__Scope_Main.o) (getAbsValI32)
C:/Program Files (x86)/ChipON IDE/KungFu32/ChiponCC32/ccr1_issue/lib/libio.a(printf.o)
                              ./driver/system_init.o (printf)
C:/Program Files (x86)/ChipON IDE/KungFu32/ChiponCC32/ccr1_issue/lib/libio.a(vfprintf.o)
                              C:/Program Files (x86)/ChipON IDE/KungFu32/ChiponCC32/ccr1_issue/lib/libio.a(printf.o) (vfprintf)
C:/Program Files (x86)/ChipON IDE/KungFu32/ChiponCC32/ccr1_issue/lib/libio.a(putchar.o)
                              C:/Program Files (x86)/ChipON IDE/KungFu32/ChiponCC32/ccr1_issue/lib/libio.a(vfprintf.o) (fputchar)
C:/Program Files (x86)/ChipON IDE/KungFu32/ChiponCC32/ccr1_issue/lib/libstdlib.a(ftoa.o)
                              C:/Program Files (x86)/ChipON IDE/KungFu32/ChiponCC32/ccr1_issue/lib/libio.a(vfprintf.o) (ftoa)
C:/Program Files (x86)/ChipON IDE/KungFu32/ChiponCC32/ccr1_issue/lib/libstdlib.a(itoa.o)
                              C:/Program Files (x86)/ChipON IDE/KungFu32/ChiponCC32/ccr1_issue/lib/libstdlib.a(ftoa.o) (uitoa)
C:/Program Files (x86)/ChipON IDE/KungFu32/ChiponCC32/ccr1_issue/lib/libstdlib.a(ltoa.o)
                              C:/Program Files (x86)/ChipON IDE/KungFu32/ChiponCC32/ccr1_issue/lib/libio.a(vfprintf.o) (ultoa)
C:/Program Files (x86)/ChipON IDE/KungFu32/ChiponCC32/ccr1_issue/lib/libctype.a(ctype_tab.o)
                              C:/Program Files (x86)/ChipON IDE/KungFu32/ChiponCC32/ccr1_issue/lib/libio.a(vfprintf.o) (_Ctype)
C:/Program Files (x86)/ChipON IDE/KungFu32/ChiponCC32/ccr1_issue/lib/libcrtv2.a(gedf2.o)
                              C:/Program Files (x86)/ChipON IDE/KungFu32/ChiponCC32/ccr1_issue/lib/libSeriesDIServices.a(__Scope_Main.o) (__gedf2)
C:/Program Files (x86)/ChipON IDE/KungFu32/ChiponCC32/ccr1_issue/lib/libcrtv2.a(gesf2.o)
                              C:/Program Files (x86)/ChipON IDE/KungFu32/ChiponCC32/ccr1_issue/lib/libSeriesDIServices.a(__Scope_Main.o) (__gesf2)
C:/Program Files (x86)/ChipON IDE/KungFu32/ChiponCC32/ccr1_issue/lib/libcrtv2.a(ledf2.o)
                              C:/Program Files (x86)/ChipON IDE/KungFu32/ChiponCC32/ccr1_issue/lib/libSeriesDIServices.a(__Scope_Main.o) (__ledf2)
C:/Program Files (x86)/ChipON IDE/KungFu32/ChiponCC32/ccr1_issue/lib/libcrtv2.a(lesf2.o)
                              C:/Program Files (x86)/ChipON IDE/KungFu32/ChiponCC32/ccr1_issue/lib/libSeriesDIServices.a(__Scope_Main.o) (__lesf2)
C:/Program Files (x86)/ChipON IDE/KungFu32/ChiponCC32/ccr1_issue/lib/libcrtv2.a(truncdfsf2.o)
                              C:/Program Files (x86)/ChipON IDE/KungFu32/ChiponCC32/ccr1_issue/lib/libio.a(vfprintf.o) (__truncdfsf2)

Allocating common symbols
Common symbol       size              file

ScopeArray          0x2000            C:/Program Files (x86)/ChipON IDE/KungFu32/ChiponCC32/ccr1_issue/lib/libSeriesDIServices.a(__Scope_Main.o)
TheTableStruct      0x34              C:/Program Files (x86)/ChipON IDE/KungFu32/ChiponCC32/ccr1_issue/lib/libSeriesDIServices.a(__X2CScopeWrapper.o)
TScope              0x7c              C:/Program Files (x86)/ChipON IDE/KungFu32/ChiponCC32/ccr1_issue/lib/libSeriesDIServices.a(__X2C.o)

@@@@@Discarded input sections

 .text          0x00000000        0x0 ./src/kf32a9k1xxx_adc.o
 .data          0x00000000        0x0 ./src/kf32a9k1xxx_adc.o
 .bss           0x00000000        0x0 ./src/kf32a9k1xxx_adc.o
 .text$ADC_Delay_Configuration
                0x00000000       0x68 ./src/kf32a9k1xxx_adc.o
 .text$ADC_Delay_Struct_Init
                0x00000000       0x14 ./src/kf32a9k1xxx_adc.o
 .text$ADC_Analog_Watchdog_Configuration
                0x00000000      0x998 ./src/kf32a9k1xxx_adc.o
 .text$ADC_Analog_Watchdog_Struct_Init
                0x00000000       0x2c ./src/kf32a9k1xxx_adc.o
 .text$ADC_Watchdog_Single_Channel_Enable
                0x00000000       0x6c ./src/kf32a9k1xxx_adc.o
 .text$ADC_Scan_Mode_Enable
                0x00000000       0x6c ./src/kf32a9k1xxx_adc.o
 .text$ADC_Bosssel_Comparator_Calibration
                0x00000000       0x6c ./src/kf32a9k1xxx_adc.o
 .text$ADC_Bosssel_Calibration
                0x00000000       0x6c ./src/kf32a9k1xxx_adc.o
 .text$ADC_Trim_Current_Intensity_Bias
                0x00000000       0x6c ./src/kf32a9k1xxx_adc.o
 .text$ADC_Analog_Clock_Config
                0x00000000       0xa8 ./src/kf32a9k1xxx_adc.o
 .text$ADC_Data_Align_Config
                0x00000000       0x74 ./src/kf32a9k1xxx_adc.o
 .text$ADC_Clock_Source_Config
                0x00000000       0x7c ./src/kf32a9k1xxx_adc.o
 .text$ADC_Regular_Channel_DMA_Cmd
                0x00000000       0x6c ./src/kf32a9k1xxx_adc.o
 .text$ADC_High_Priority_Channel_DMA_Cmd
                0x00000000       0xb4 ./src/kf32a9k1xxx_adc.o
 .text$ADC_Double_Mode_Config
                0x00000000       0x9c ./src/kf32a9k1xxx_adc.o
 .text$ADC_Reference_Voltage_Config
                0x00000000       0x88 ./src/kf32a9k1xxx_adc.o
 .text$ADC_Analog_Watchdog_Channel_Config
                0x00000000      0x780 ./src/kf32a9k1xxx_adc.o
 .text$ADC_Extra_Sampling_Time
                0x00000000       0x7c ./src/kf32a9k1xxx_adc.o
 .text$ADC_Regular_Channel_Watchdog_Enable
                0x00000000       0x6c ./src/kf32a9k1xxx_adc.o
 .text$ADC_External_Trig_Conv_Enable
                0x00000000       0x70 ./src/kf32a9k1xxx_adc.o
 .text$ADC_External_Trig_Conv_Config
                0x00000000       0x7c ./src/kf32a9k1xxx_adc.o
 .text$ADC_Regular_Channel_Config
                0x00000000      0x504 ./src/kf32a9k1xxx_adc.o
 .text$ADC_Regular_Sequencer_Length_Config
                0x00000000       0x80 ./src/kf32a9k1xxx_adc.o
 .text$ADC_Regular_Channel_TxCCRy_Trig_Enable
                0x00000000       0xac ./src/kf32a9k1xxx_adc.o
 .text$ADC_Software_Start_Conv
                0x00000000       0x48 ./src/kf32a9k1xxx_adc.o
 .text$ADC_Continuous_Mode_Cmd
                0x00000000       0x6c ./src/kf32a9k1xxx_adc.o
 .text$ADC_Disc_Mode_Channel_Count_Config
                0x00000000       0x84 ./src/kf32a9k1xxx_adc.o
 .text$ADC_Disc_Mode_Cmd
                0x00000000       0x6c ./src/kf32a9k1xxx_adc.o
 .text$ADC_Get_Conversion_Value
                0x00000000       0x50 ./src/kf32a9k1xxx_adc.o
 .text$ADC_High_Priority_Watchdog_Enable
                0x00000000       0x6c ./src/kf32a9k1xxx_adc.o
 .text$ADC_HPExternal_Trig_Conv_Enable
                0x00000000       0x70 ./src/kf32a9k1xxx_adc.o
 .text$ADC_High_Priority_Sequencer_Length_Config
                0x00000000       0x80 ./src/kf32a9k1xxx_adc.o
 .text$ADC_High_Priority_TxCCRy_Trig_Enable
                0x00000000       0xac ./src/kf32a9k1xxx_adc.o
 .text$ADC_Set_HPChannel_Conv_Value_Offset
                0x00000000       0x98 ./src/kf32a9k1xxx_adc.o
 .text$ADC_HPExternal_Trig_Conv_Config
                0x00000000       0x7c ./src/kf32a9k1xxx_adc.o
 .text$ADC_Software_HPStart_Conv
                0x00000000       0x48 ./src/kf32a9k1xxx_adc.o
 .text$ADC_HPAuto_Conv_Cmd
                0x00000000       0x6c ./src/kf32a9k1xxx_adc.o
 .text$ADC_HPDisc_Mode_Cmd
                0x00000000       0x6c ./src/kf32a9k1xxx_adc.o
 .text$ADC_Get_HPConversion_Data
                0x00000000       0x84 ./src/kf32a9k1xxx_adc.o
 .text$ADC_HPConversion_DMA_Enable
                0x00000000       0xac ./src/kf32a9k1xxx_adc.o
 .text$ADC_HPConversion_Disorder_Config
                0x00000000       0xf8 ./src/kf32a9k1xxx_adc.o
 .text$ADC_Get_INT_Flag
                0x00000000       0xac ./src/kf32a9k1xxx_adc.o
 .text$ADC_Clear_INT_Flag
                0x00000000       0xd8 ./src/kf32a9k1xxx_adc.o
 .text$ADC_Get_INT_Status
                0x00000000       0xc0 ./src/kf32a9k1xxx_adc.o
 .text          0x00000000        0x0 ./src/kf32a9k1xxx_aes.o
 .data          0x00000000        0x0 ./src/kf32a9k1xxx_aes.o
 .bss           0x00000000        0x0 ./src/kf32a9k1xxx_aes.o
 .text$SFR_Config
                0x00000000       0x18 ./src/kf32a9k1xxx_aes.o
 .text$AES_Reset
                0x00000000       0x2c ./src/kf32a9k1xxx_aes.o
 .text$AES_Run_Enable
                0x00000000       0x50 ./src/kf32a9k1xxx_aes.o
 .text$AES_High_Speed_Enable
                0x00000000       0x50 ./src/kf32a9k1xxx_aes.o
 .text$AES_CBC_Mode_Select
                0x00000000       0x48 ./src/kf32a9k1xxx_aes.o
 .text$AES_TRNG_SCK_Select
                0x00000000       0x48 ./src/kf32a9k1xxx_aes.o
 .text$AES_SCK_DIV_Select
                0x00000000       0x48 ./src/kf32a9k1xxx_aes.o
 .text$AES_RND_NUM_Config
                0x00000000       0x48 ./src/kf32a9k1xxx_aes.o
 .text$AES_KEY_LEN_Config
                0x00000000       0x48 ./src/kf32a9k1xxx_aes.o
 .text$AES_SBOX_INV_Enable
                0x00000000       0x48 ./src/kf32a9k1xxx_aes.o
 .text$AES_ENCRYPT_Function_Enable
                0x00000000       0x48 ./src/kf32a9k1xxx_aes.o
 .text$AES_CUSTOMIZE_ALGORITHM_Enable
                0x00000000       0x48 ./src/kf32a9k1xxx_aes.o
 .text$AES_Enable
                0x00000000       0x48 ./src/kf32a9k1xxx_aes.o
 .text$AES_Get_INT_Flag
                0x00000000       0x1c ./src/kf32a9k1xxx_aes.o
 .text$AES_Clear_INT_Flag
                0x00000000       0x20 ./src/kf32a9k1xxx_aes.o
 .text$AES_INT_Enable
                0x00000000       0x48 ./src/kf32a9k1xxx_aes.o
 .text$AES_INPUT0_DATA
                0x00000000       0x14 ./src/kf32a9k1xxx_aes.o
 .text$AES_INPUT1_DATA
                0x00000000       0x14 ./src/kf32a9k1xxx_aes.o
 .text$AES_INPUT2_DATA
                0x00000000       0x14 ./src/kf32a9k1xxx_aes.o
 .text$AES_INPUT3_DATA
                0x00000000       0x14 ./src/kf32a9k1xxx_aes.o
 .text$GET_AES_OUTPUT0_DATA
                0x00000000       0x14 ./src/kf32a9k1xxx_aes.o
 .text$GET_AES_OUTPUT1_DATA
                0x00000000       0x14 ./src/kf32a9k1xxx_aes.o
 .text$GET_AES_OUTPUT2_DATA
                0x00000000       0x14 ./src/kf32a9k1xxx_aes.o
 .text$GET_AES_OUTPUT3_DATA
                0x00000000       0x14 ./src/kf32a9k1xxx_aes.o
 .text          0x00000000        0x0 ./src/kf32a9k1xxx_atim.o
 .data          0x00000000        0x0 ./src/kf32a9k1xxx_atim.o
 .bss           0x00000000        0x0 ./src/kf32a9k1xxx_atim.o
 .text$SFR_Config
                0x00000000       0x18 ./src/kf32a9k1xxx_atim.o
 .text$ATIM_Reset
                0x00000000       0x7c ./src/kf32a9k1xxx_atim.o
 .text$ATIM_X_Configuration
                0x00000000      0x150 ./src/kf32a9k1xxx_atim.o
 .text$ATIM_Z_Configuration
                0x00000000      0x150 ./src/kf32a9k1xxx_atim.o
 .text$ATIM_Struct_Init
                0x00000000       0x3c ./src/kf32a9k1xxx_atim.o
 .text$ATIM_X_Cmd
                0x00000000       0x60 ./src/kf32a9k1xxx_atim.o
 .text$ATIM_Z_Cmd
                0x00000000       0x60 ./src/kf32a9k1xxx_atim.o
 .text$ATIM_X_Updata_Configuration
                0x00000000       0xa8 ./src/kf32a9k1xxx_atim.o
 .text$ATIM_Z_Updata_Configuration
                0x00000000       0xa8 ./src/kf32a9k1xxx_atim.o
 .text$ATIM_X_Updata_Cmd
                0x00000000       0x64 ./src/kf32a9k1xxx_atim.o
 .text$ATIM_Z_Updata_Cmd
                0x00000000       0x64 ./src/kf32a9k1xxx_atim.o
 .text$ATIM_X_Set_Counter
                0x00000000       0x3c ./src/kf32a9k1xxx_atim.o
 .text$ATIM_Z_Set_Counter
                0x00000000       0x3c ./src/kf32a9k1xxx_atim.o
 .text$ATIM_X_Set_Period
                0x00000000       0x3c ./src/kf32a9k1xxx_atim.o
 .text$ATIM_Z_Set_Period
                0x00000000       0x3c ./src/kf32a9k1xxx_atim.o
 .text$ATIM_X_Set_Prescaler
                0x00000000       0x3c ./src/kf32a9k1xxx_atim.o
 .text$ATIM_Z_Set_Prescaler
                0x00000000       0x3c ./src/kf32a9k1xxx_atim.o
 .text$ATIM_X_Counter_Mode_Config
                0x00000000       0x8c ./src/kf32a9k1xxx_atim.o
 .text$ATIM_Z_Counter_Mode_Config
                0x00000000       0x8c ./src/kf32a9k1xxx_atim.o
 .text$ATIM_X_Clock_Config
                0x00000000       0x74 ./src/kf32a9k1xxx_atim.o
 .text$ATIM_Z_Clock_Config
                0x00000000       0x74 ./src/kf32a9k1xxx_atim.o
 .text$ATIM_X_Postscaler_Config
                0x00000000       0x68 ./src/kf32a9k1xxx_atim.o
 .text$ATIM_Z_Postscaler_Config
                0x00000000       0x68 ./src/kf32a9k1xxx_atim.o
 .text$ATIM_X_External_Pulse_Sync_Config
                0x00000000       0x60 ./src/kf32a9k1xxx_atim.o
 .text$ATIM_Z_External_Pulse_Sync_Config
                0x00000000       0x60 ./src/kf32a9k1xxx_atim.o
 .text$ATIM_X_Work_Mode_Config
                0x00000000       0x60 ./src/kf32a9k1xxx_atim.o
 .text$ATIM_Z_Work_Mode_Config
                0x00000000       0x60 ./src/kf32a9k1xxx_atim.o
 .text$ATIM_X_Get_Direction
                0x00000000       0x44 ./src/kf32a9k1xxx_atim.o
 .text$ATIM_Z_Get_Direction
                0x00000000       0x44 ./src/kf32a9k1xxx_atim.o
 .text$ATIM_X_Overflow_AD_Enable
                0x00000000       0x60 ./src/kf32a9k1xxx_atim.o
 .text$ATIM_Z_Overflow_AD_Enable
                0x00000000       0x60 ./src/kf32a9k1xxx_atim.o
 .text$ATIM_X_Underflow_AD_Enable
                0x00000000       0x60 ./src/kf32a9k1xxx_atim.o
 .text$ATIM_Z_Underflow_AD_Enable
                0x00000000       0x60 ./src/kf32a9k1xxx_atim.o
 .text$ATIM_X_TriggerAD_Config
                0x00000000       0x60 ./src/kf32a9k1xxx_atim.o
 .text$ATIM_Z_TriggerAD_Config
                0x00000000       0x60 ./src/kf32a9k1xxx_atim.o
 .text$ATIM_X_Set_TriggerAD_Signal
                0x00000000       0x44 ./src/kf32a9k1xxx_atim.o
 .text$ATIM_Z_Set_TriggerAD_Signal
                0x00000000       0x3c ./src/kf32a9k1xxx_atim.o
 .text$ATIM_X_Updata_Immediately_Config
                0x00000000       0x64 ./src/kf32a9k1xxx_atim.o
 .text$ATIM_Z_Updata_Immediately_Config
                0x00000000       0x64 ./src/kf32a9k1xxx_atim.o
 .text$ATIM_X_Updata_Output_Ctl
                0x00000000       0x64 ./src/kf32a9k1xxx_atim.o
 .text$ATIM_Z_Updata_Output_Ctl
                0x00000000       0x64 ./src/kf32a9k1xxx_atim.o
 .text$ATIM_X_Updata_Enable
                0x00000000       0x64 ./src/kf32a9k1xxx_atim.o
 .text$ATIM_Z_Updata_Enable
                0x00000000       0x64 ./src/kf32a9k1xxx_atim.o
 .text$ATIM_X_Set_Updata_Counter
                0x00000000       0x40 ./src/kf32a9k1xxx_atim.o
 .text$ATIM_Z_Set_Updata_Counter
                0x00000000       0x40 ./src/kf32a9k1xxx_atim.o
 .text$ATIM_X_Slave_Mode_Config
                0x00000000       0x88 ./src/kf32a9k1xxx_atim.o
 .text$ATIM_Z_Slave_Mode_Config
                0x00000000       0x8c ./src/kf32a9k1xxx_atim.o
 .text$ATIM_Master_Mode_Config
                0x00000000       0x8c ./src/kf32a9k1xxx_atim.o
 .text$ATIM_Master_Slave_Snyc_Enable
                0x00000000       0x64 ./src/kf32a9k1xxx_atim.o
 .text$ATIM_Trigger_Select_Config
                0x00000000       0x6c ./src/kf32a9k1xxx_atim.o
 .text$ATIM_Timer_Unite_Enable
                0x00000000       0x64 ./src/kf32a9k1xxx_atim.o
 .text$ATIM_X_Get_Counter
                0x00000000       0x40 ./src/kf32a9k1xxx_atim.o
 .text$ATIM_Z_Get_Counter
                0x00000000       0x40 ./src/kf32a9k1xxx_atim.o
 .text$ATIM_X_Get_Period
                0x00000000       0x40 ./src/kf32a9k1xxx_atim.o
 .text$ATIM_Z_Get_Period
                0x00000000       0x40 ./src/kf32a9k1xxx_atim.o
 .text$ATIM_X_Get_Prescaler
                0x00000000       0x40 ./src/kf32a9k1xxx_atim.o
 .text$ATIM_Z_Get_Prescaler
                0x00000000       0x40 ./src/kf32a9k1xxx_atim.o
 .text$ATIM_X_Cmp_Clear_Tim_Enable
                0x00000000       0x44 ./src/kf32a9k1xxx_atim.o
 .text$ATIM_Z_Cmp_Clear_Tim_Enable
                0x00000000       0x44 ./src/kf32a9k1xxx_atim.o
 .text$ATIM_X_Cmp_Clear_Tim_Edge_Choose
                0x00000000       0x60 ./src/kf32a9k1xxx_atim.o
 .text$ATIM_Z_Cmp_Clear_Tim_Edge_Choose
                0x00000000       0x60 ./src/kf32a9k1xxx_atim.o
 .text$ATIM_X_Cmp_Clear_Tim_Choose
                0x00000000       0x6c ./src/kf32a9k1xxx_atim.o
 .text$ATIM_Z_Cmp_Clear_Tim_Choose
                0x00000000       0x6c ./src/kf32a9k1xxx_atim.o
 .text$ATIM_X_Updata_INT_Enable
                0x00000000       0x64 ./src/kf32a9k1xxx_atim.o
 .text$ATIM_Z_Updata_INT_Enable
                0x00000000       0x64 ./src/kf32a9k1xxx_atim.o
 .text$ATIM_X_Overflow_INT_Enable
                0x00000000       0x64 ./src/kf32a9k1xxx_atim.o
 .text$ATIM_Z_Overflow_INT_Enable
                0x00000000       0x64 ./src/kf32a9k1xxx_atim.o
 .text$ATIM_X_Trigger_INT_Enable
                0x00000000       0x64 ./src/kf32a9k1xxx_atim.o
 .text$ATIM_X_Updata_DMA_Enable
                0x00000000       0x64 ./src/kf32a9k1xxx_atim.o
 .text$ATIM_Z_Updata_DMA_Enable
                0x00000000       0x64 ./src/kf32a9k1xxx_atim.o
 .text$ATIM_X_Trigger_DMA_Enable
                0x00000000       0x64 ./src/kf32a9k1xxx_atim.o
 .text$ATIM_X_Get_Updata_INT_Flag
                0x00000000       0x4c ./src/kf32a9k1xxx_atim.o
 .text$ATIM_Z_Get_Updata_INT_Flag
                0x00000000       0x4c ./src/kf32a9k1xxx_atim.o
 .text$ATIM_X_Get_Overflow_INT_Flag
                0x00000000       0x4c ./src/kf32a9k1xxx_atim.o
 .text$ATIM_Z_Get_Overflow_INT_Flag
                0x00000000       0x4c ./src/kf32a9k1xxx_atim.o
 .text$ATIM_X_Get_Trigger_INT_Flag
                0x00000000       0x4c ./src/kf32a9k1xxx_atim.o
 .text$ATIM_X_Generate_Trigger_Config
                0x00000000       0x64 ./src/kf32a9k1xxx_atim.o
 .text$ATIM_X_Get_Updata_DMA_INT_Flag
                0x00000000       0x48 ./src/kf32a9k1xxx_atim.o
 .text$ATIM_Z_Get_Updata_DMA_INT_Flag
                0x00000000       0x48 ./src/kf32a9k1xxx_atim.o
 .text$ATIM_X_Get_Trigger_DMA_INT_Flag
                0x00000000       0x48 ./src/kf32a9k1xxx_atim.o
 .text$ATIM_X_Clear_Updata_INT_Flag
                0x00000000       0x58 ./src/kf32a9k1xxx_atim.o
 .text$ATIM_Z_Clear_Updata_INT_Flag
                0x00000000       0x58 ./src/kf32a9k1xxx_atim.o
 .text$ATIM_X_Clear_Overflow_INT_Flag
                0x00000000       0x58 ./src/kf32a9k1xxx_atim.o
 .text$ATIM_Z_Clear_Overflow_INT_Flag
                0x00000000       0x58 ./src/kf32a9k1xxx_atim.o
 .text$ATIM_X_Clear_Trigger_INT_Flag
                0x00000000       0x58 ./src/kf32a9k1xxx_atim.o
 .text$ECCP_Compare_Configuration
                0x00000000       0xd0 ./src/kf32a9k1xxx_atim.o
 .text$ECCP_Capture_Configuration
                0x00000000      0x124 ./src/kf32a9k1xxx_atim.o
 .text$ECCP_Capture_Struct_Init
                0x00000000       0x20 ./src/kf32a9k1xxx_atim.o
 .text$ECCP_PWM_Configuration
                0x00000000      0x2a4 ./src/kf32a9k1xxx_atim.o
 .text$ECCP_PWM_Struct_Init
                0x00000000       0x44 ./src/kf32a9k1xxx_atim.o
 .text$ECCP_Capture_Mode_Config
                0x00000000       0xac ./src/kf32a9k1xxx_atim.o
 .text$ECCP_Compare_Mode_Config
                0x00000000       0xb4 ./src/kf32a9k1xxx_atim.o
 .text$ECCP_PWM_Mode_Config
                0x00000000       0x80 ./src/kf32a9k1xxx_atim.o
 .text$ECCP_Get_Capture_Result
                0x00000000       0x68 ./src/kf32a9k1xxx_atim.o
 .text$ECCP_Get_Compare_Result
                0x00000000       0x68 ./src/kf32a9k1xxx_atim.o
 .text$ECCP_Set_Compare_Result
                0x00000000       0x6c ./src/kf32a9k1xxx_atim.o
 .text$ECCP_Generate_Trigger_Config
                0x00000000       0x9c ./src/kf32a9k1xxx_atim.o
 .text$ECCP_PWM_Input_Enable
                0x00000000       0x64 ./src/kf32a9k1xxx_atim.o
 .text$ECCP_Input_XOR_Enable
                0x00000000       0x64 ./src/kf32a9k1xxx_atim.o
 .text$ECCP_Single_Pulse_Enable
                0x00000000       0x64 ./src/kf32a9k1xxx_atim.o
 .text$ECCP_Single_Pulse_Shut_Enable
                0x00000000       0x64 ./src/kf32a9k1xxx_atim.o
 .text$ECCP_PWM_Restart_Enable
                0x00000000       0x64 ./src/kf32a9k1xxx_atim.o
 .text$ECCP_Dead_Time_Config
                0x00000000       0xa4 ./src/kf32a9k1xxx_atim.o
 .text$ECCP_Channel_Output_Control
                0x00000000       0xbc ./src/kf32a9k1xxx_atim.o
 .text$ECCP_Channel_Output_Mode
                0x00000000       0x9c ./src/kf32a9k1xxx_atim.o
 .text$ECCP_Channel_Work_State_Config
                0x00000000       0x9c ./src/kf32a9k1xxx_atim.o
 .text$ECCP_Get_Channel_Work_State
                0x00000000       0x70 ./src/kf32a9k1xxx_atim.o
 .text$ECCP_TZ_Showdown_SEL
                0x00000000       0x60 ./src/kf32a9k1xxx_atim.o
 .text$ECCP_TX_Showdown_SEL
                0x00000000       0x60 ./src/kf32a9k1xxx_atim.o
 .text$ECCP_CHANNEL4_Shutdown_SEL
                0x00000000       0x6c ./src/kf32a9k1xxx_atim.o
 .text$ECCP_CHANNEL123_Shutdown_SEL
                0x00000000       0x6c ./src/kf32a9k1xxx_atim.o
 .text$ECCP_Channel_Shutdown_Signal
                0x00000000       0xa0 ./src/kf32a9k1xxx_atim.o
 .text$ECCP_Channel_Pin_Ctl
                0x00000000       0xc4 ./src/kf32a9k1xxx_atim.o
 .text$ECCP_Zero_Clock_Config
                0x00000000       0xcc ./src/kf32a9k1xxx_atim.o
 .text$ECCP_Channel_Pin_Tristate_Enable
                0x00000000       0xc8 ./src/kf32a9k1xxx_atim.o
 .text$ECCP_FlexMUX_CHANNEL_SEL
                0x00000000       0x78 ./src/kf32a9k1xxx_atim.o
 .text$ECCP_Channel_Modulation_SEL
                0x00000000       0xa0 ./src/kf32a9k1xxx_atim.o
 .text$ECCP_GTB_OUTPUT_Config
                0x00000000       0x78 ./src/kf32a9k1xxx_atim.o
 .text$ECCP_GTB_MODE_Enable
                0x00000000       0x78 ./src/kf32a9k1xxx_atim.o
 .text$ECCP_CAPTEST_MODE_Config
                0x00000000       0x74 ./src/kf32a9k1xxx_atim.o
 .text$ECCP_UNION_SINGEL_EFFECTIVE_Config
                0x00000000       0x74 ./src/kf32a9k1xxx_atim.o
 .text$ECCP_UNION_SINGEL_OUTPUT_Enable
                0x00000000       0x78 ./src/kf32a9k1xxx_atim.o
 .text$ECCP_COMH_Value_Config
                0x00000000       0xd4 ./src/kf32a9k1xxx_atim.o
 .text$ECCP_COML_Value_Config
                0x00000000       0xd4 ./src/kf32a9k1xxx_atim.o
 .text$ECCP_Fault_Contral_Enable
                0x00000000       0xe4 ./src/kf32a9k1xxx_atim.o
 .text$ECCP_Fault_Output_Polarity_Select
                0x00000000       0xe0 ./src/kf32a9k1xxx_atim.o
 .text$ECCP_Filter_PulseWidth_Config
                0x00000000       0xe0 ./src/kf32a9k1xxx_atim.o
 .text$ECCP_Filter_Function_Enable
                0x00000000       0xe8 ./src/kf32a9k1xxx_atim.o
 .text$ECCP_Filter_CLKDIV_Config
                0x00000000       0xe4 ./src/kf32a9k1xxx_atim.o
 .text$ECCP_Fault_Function_Enable
                0x00000000       0xe8 ./src/kf32a9k1xxx_atim.o
 .text$ECCP_Get_Fault_INT_Flag
                0x00000000       0x9c ./src/kf32a9k1xxx_atim.o
 .text$ECCP_Clear_Fault_INT_Flag
                0x00000000       0xd8 ./src/kf32a9k1xxx_atim.o
 .text$ECCP_Fault_INT_Enable
                0x00000000       0xe8 ./src/kf32a9k1xxx_atim.o
 .text$ECCP_UNION_jitter_Enable
                0x00000000       0x70 ./src/kf32a9k1xxx_atim.o
 .text$ECCP_CYCLE_jitter_Enable
                0x00000000       0x70 ./src/kf32a9k1xxx_atim.o
 .text$ECCP_EDGE_jitter_Enable
                0x00000000       0x70 ./src/kf32a9k1xxx_atim.o
 .text$ECCP_FRCVAL_Value_Config
                0x00000000       0x64 ./src/kf32a9k1xxx_atim.o
 .text$ECCP_Tz_Triggle_AD_Driction_SEL
                0x00000000       0x68 ./src/kf32a9k1xxx_atim.o
 .text$ECCP_Tx_Triggle_AD_Driction_SEL
                0x00000000       0xa4 ./src/kf32a9k1xxx_atim.o
 .text$ECCP_Tz_Triggle_AD_Driction_Enable
                0x00000000       0x70 ./src/kf32a9k1xxx_atim.o
 .text$ECCP_Tx_Triggle_AD_Driction_Enable
                0x00000000       0xa8 ./src/kf32a9k1xxx_atim.o
 .text$ECCP_Channel_INT_Enable
                0x00000000       0x9c ./src/kf32a9k1xxx_atim.o
 .text$ECCP_X_Turn_off_DMA_Enable
                0x00000000       0x64 ./src/kf32a9k1xxx_atim.o
 .text$ECCP_Channel_DMA_Enable
                0x00000000       0x9c ./src/kf32a9k1xxx_atim.o
 .text$ECCP_Get_Channel_Trigger_INT_Flag
                0x00000000       0x58 ./src/kf32a9k1xxx_atim.o
 .text$ECCP_X_Get_Turn_off_DMA_Flag
                0x00000000       0x48 ./src/kf32a9k1xxx_atim.o
 .text$ECCP_Get_Trigger_DMA_INT_Flag
                0x00000000       0x58 ./src/kf32a9k1xxx_atim.o
 .text$ECCP_Clear_Channel_INT_Flag
                0x00000000       0xa4 ./src/kf32a9k1xxx_atim.o
 .text$ECCP_PWM_Move_Phase_Enable
                0x00000000       0x64 ./src/kf32a9k1xxx_atim.o
 .text$ECCP_Channel_Zero_Detect_Sequential_Ctl
                0x00000000       0x98 ./src/kf32a9k1xxx_atim.o
 .text$ECCP_Get_Channel_Zero_Detection_State
                0x00000000       0x6c ./src/kf32a9k1xxx_atim.o
 .text$ECCP_Clear_Channel_Zero_Detection_State
                0x00000000       0x6c ./src/kf32a9k1xxx_atim.o
 .text$ECCP_Channel_Zero_Detect_Enable
                0x00000000       0x9c ./src/kf32a9k1xxx_atim.o
 .text$ECCP_Channel_Zero_Voltage_Config
                0x00000000       0xb4 ./src/kf32a9k1xxx_atim.o
 .text          0x00000000        0x0 ./src/kf32a9k1xxx_bkp.o
 .data          0x00000000        0x0 ./src/kf32a9k1xxx_bkp.o
 .bss           0x00000000        0x0 ./src/kf32a9k1xxx_bkp.o
 .text$SFR_Config
                0x00000000       0x18 ./src/kf32a9k1xxx_bkp.o
 .text$BKP_Reset
                0x00000000       0x10 ./src/kf32a9k1xxx_bkp.o
 .text$BKP_Write_And_Read_Enable
                0x00000000      0x100 ./src/kf32a9k1xxx_bkp.o
 .text$BKP_Reset_Enable
                0x00000000       0x3c ./src/kf32a9k1xxx_bkp.o
 .text$BKP_Pin_Effective_Level_Config
                0x00000000       0x7c ./src/kf32a9k1xxx_bkp.o
 .text$BKP_Pin_Enable
                0x00000000       0x7c ./src/kf32a9k1xxx_bkp.o
 .text$BKP_TAMP_SYNC_Mode_Select
                0x00000000       0x48 ./src/kf32a9k1xxx_bkp.o
 .text$BKP_TAMP_SCK_Select
                0x00000000       0x48 ./src/kf32a9k1xxx_bkp.o
 .text$BKP_External_Clock_Bypass_Enable
                0x00000000       0x74 ./src/kf32a9k1xxx_bkp.o
 .text$BKP_Data_Config
                0x00000000       0x38 ./src/kf32a9k1xxx_bkp.o
 .text$BKP_Get_Data
                0x00000000       0x3c ./src/kf32a9k1xxx_bkp.o
 .text$BKP_Pin_TAMP_INT_Enable
                0x00000000       0x7c ./src/kf32a9k1xxx_bkp.o
 .text$BKP_Get_Pin_TAMP_INT_Flag
                0x00000000       0x54 ./src/kf32a9k1xxx_bkp.o
 .text$BKP_Clear_Pin_TAMP_INT_Flag
                0x00000000       0x7c ./src/kf32a9k1xxx_bkp.o
 .data$static$pmwrenbkp.2108
                0x00000000        0x4 ./src/kf32a9k1xxx_bkp.o
 .data$static$bkpregclrbkp.2109
                0x00000000        0x4 ./src/kf32a9k1xxx_bkp.o
 .data$static$bkpwrbkp.2110
                0x00000000        0x4 ./src/kf32a9k1xxx_bkp.o
 .text          0x00000000        0x0 ./src/kf32a9k1xxx_btim.o
 .data          0x00000000        0x0 ./src/kf32a9k1xxx_btim.o
 .bss           0x00000000        0x0 ./src/kf32a9k1xxx_btim.o
 .text$BTIM_Reset
                0x00000000       0x58 ./src/kf32a9k1xxx_btim.o
 .text$BTIM_Configuration
                0x00000000      0x1ac ./src/kf32a9k1xxx_btim.o
 .text$BTIM_Struct_Init
                0x00000000       0x48 ./src/kf32a9k1xxx_btim.o
 .text$BTIM_External_Pulse_Sync_Config
                0x00000000       0x58 ./src/kf32a9k1xxx_btim.o
 .text$BTIM_Generate_Trigger_Config
                0x00000000       0x58 ./src/kf32a9k1xxx_btim.o
 .text$BTIM_Single_Pulse_Enable
                0x00000000       0x58 ./src/kf32a9k1xxx_btim.o
 .text$BTIM_Single_Pulse_Shut_Enable
                0x00000000       0x58 ./src/kf32a9k1xxx_btim.o
 .text$BTIM_Master_Slave_Snyc_Config
                0x00000000       0x58 ./src/kf32a9k1xxx_btim.o
 .text$BTIM_Trigger_Select_Config
                0x00000000       0xbc ./src/kf32a9k1xxx_btim.o
 .text$BTIM_Slave_Mode_Config
                0x00000000       0x70 ./src/kf32a9k1xxx_btim.o
 .text$BTIM_Master_Mode_Config
                0x00000000       0x64 ./src/kf32a9k1xxx_btim.o
 .text$BTIM_Updata_Rising_Edge_Config
                0x00000000       0x58 ./src/kf32a9k1xxx_btim.o
 .text$BTIM_Get_Direction
                0x00000000       0x3c ./src/kf32a9k1xxx_btim.o
 .text$BTIM_Get_Counter
                0x00000000       0x30 ./src/kf32a9k1xxx_btim.o
 .text$BTIM_Get_Period
                0x00000000       0x30 ./src/kf32a9k1xxx_btim.o
 .text$BTIM_Get_Prescaler
                0x00000000       0x30 ./src/kf32a9k1xxx_btim.o
 .text$BTIM_Trigger_DMA_Enable
                0x00000000       0x58 ./src/kf32a9k1xxx_btim.o
 .text$BTIM_Updata_DMA_Enable
                0x00000000       0x58 ./src/kf32a9k1xxx_btim.o
 .text$BTIM_Trigger_INT_Enable
                0x00000000       0x58 ./src/kf32a9k1xxx_btim.o
 .text$BTIM_Updata_INT_Enable
                0x00000000       0x58 ./src/kf32a9k1xxx_btim.o
 .text$BTIM_Get_Trigger_DMA_INT_Status
                0x00000000       0x3c ./src/kf32a9k1xxx_btim.o
 .text$BTIM_Get_Updata_DMA_INT_Status
                0x00000000       0x3c ./src/kf32a9k1xxx_btim.o
 .text$BTIM_Get_Overflow_INT_Status
                0x00000000       0x3c ./src/kf32a9k1xxx_btim.o
 .text$BTIM_Get_Trigger_INT_Status
                0x00000000       0x3c ./src/kf32a9k1xxx_btim.o
 .text$BTIM_Get_Updata_INT_Status
                0x00000000       0x3c ./src/kf32a9k1xxx_btim.o
 .text$BTIM_Get_Trigger_DMA_INT_Flag
                0x00000000       0x3c ./src/kf32a9k1xxx_btim.o
 .text$BTIM_Get_Updata_DMA_INT_Flag
                0x00000000       0x3c ./src/kf32a9k1xxx_btim.o
 .text$BTIM_Get_Overflow_INT_Flag
                0x00000000       0x3c ./src/kf32a9k1xxx_btim.o
 .text$BTIM_Get_Trigger_INT_Flag
                0x00000000       0x3c ./src/kf32a9k1xxx_btim.o
 .text$BTIM_Get_Updata_INT_Flag
                0x00000000       0x3c ./src/kf32a9k1xxx_btim.o
 .text$BTIM_Clear_Overflow_INT_Flag
                0x00000000       0x44 ./src/kf32a9k1xxx_btim.o
 .text$BTIM_Clear_Trigger_INT_Flag
                0x00000000       0x44 ./src/kf32a9k1xxx_btim.o
 .text$BTIM_Clear_Updata_INT_Flag
                0x00000000       0x44 ./src/kf32a9k1xxx_btim.o
 .text          0x00000000        0x0 ./src/kf32a9k1xxx_can.o
 .data          0x00000000        0x0 ./src/kf32a9k1xxx_can.o
 .bss           0x00000000        0x0 ./src/kf32a9k1xxx_can.o
 .text$SFR_Config
                0x00000000       0x18 ./src/kf32a9k1xxx_can.o
 .text$CAN_Reset
                0x00000000       0x58 ./src/kf32a9k1xxx_can.o
 .text$CAN_Configuration
                0x00000000      0x190 ./src/kf32a9k1xxx_can.o
 .text$CAN_Configuration_With_Reset_Mode
                0x00000000      0x18c ./src/kf32a9k1xxx_can.o
 .text$CAN_Struct_Init
                0x00000000       0x44 ./src/kf32a9k1xxx_can.o
 .text$CAN_Get_Receive_Message_Counter
                0x00000000       0x48 ./src/kf32a9k1xxx_can.o
 .text$CAN_Get_Transmit_Status
                0x00000000       0xa4 ./src/kf32a9k1xxx_can.o
 .text$CAN_Cmd  0x00000000       0x54 ./src/kf32a9k1xxx_can.o
 .text$CAN_Clock_Source_Config
                0x00000000       0x64 ./src/kf32a9k1xxx_can.o
 .text$CAN_Sleep_Mode_Enable
                0x00000000       0x54 ./src/kf32a9k1xxx_can.o
 .text$CAN_Reset_Mode_Enable
                0x00000000       0x54 ./src/kf32a9k1xxx_can.o
 .text$CAN_Work_Mode_Config
                0x00000000       0x68 ./src/kf32a9k1xxx_can.o
 .text$CAN_Bus_Sample_Times_Config
                0x00000000       0x5c ./src/kf32a9k1xxx_can.o
 .text$CAN_Time_Segment_Config
                0x00000000       0x88 ./src/kf32a9k1xxx_can.o
 .text$CAN_Sync_Jump_Width_Config
                0x00000000       0x64 ./src/kf32a9k1xxx_can.o
 .text$CAN_Baud_Rate_Preset_Config
                0x00000000       0x64 ./src/kf32a9k1xxx_can.o
 .text$CAN_Get_Point_Of_RAM_Mailbox
                0x00000000       0x40 ./src/kf32a9k1xxx_can.o
 .text$CAN_Get_Error_Code
                0x00000000       0xa8 ./src/kf32a9k1xxx_can.o
 .text$CAN_Get_Error_Warning_Limit
                0x00000000       0x38 ./src/kf32a9k1xxx_can.o
 .text$CAN_Get_Error_Counter
                0x00000000       0x74 ./src/kf32a9k1xxx_can.o
 .text$CAN_Error_Warning_Limit_Config
                0x00000000       0x54 ./src/kf32a9k1xxx_can.o
 .text$CAN_Error_Counter_Config
                0x00000000       0x88 ./src/kf32a9k1xxx_can.o
 .text$CAN_Acceptance_Config
                0x00000000       0x30 ./src/kf32a9k1xxx_can.o
 .text$CAN_Get_Acceptance
                0x00000000       0x38 ./src/kf32a9k1xxx_can.o
 .text$CAN_Acceptance_Mask_Config
                0x00000000       0x30 ./src/kf32a9k1xxx_can.o
 .text$CAN_Get_Acceptance_Mask
                0x00000000       0x38 ./src/kf32a9k1xxx_can.o
 .text$CAN_Turn_Cailbration_Enable
                0x00000000       0x60 ./src/kf32a9k1xxx_can.o
 .text$CAN_Transmit_Message_Configuration
                0x00000000      0x1d4 ./src/kf32a9k1xxx_can.o
 .text$CAN_Receive_Message_Configuration
                0x00000000      0x248 ./src/kf32a9k1xxx_can.o
 .text$CAN_Receive_Message_Configuration_From_Register
                0x00000000      0x1a0 ./src/kf32a9k1xxx_can.o
 .text$CAN_Message_Struct_Init
                0x00000000       0x4a ./src/kf32a9k1xxx_can.o
 .text$CAN_Clear_Buffer_Overflow_Flag
                0x00000000       0x5c ./src/kf32a9k1xxx_can.o
 .text$CAN_Release_Receive_Buffer
                0x00000000       0x74 ./src/kf32a9k1xxx_can.o
 .text$CAN_Transmit_Single
                0x00000000       0x50 ./src/kf32a9k1xxx_can.o
 .text$CAN_Transmit_Repeat
                0x00000000       0x4c ./src/kf32a9k1xxx_can.o
 .text$CAN_Frame_Format_Config
                0x00000000       0x58 ./src/kf32a9k1xxx_can.o
 .text$CAN_Remote_Request_Config
                0x00000000       0x58 ./src/kf32a9k1xxx_can.o
 .text$CAN_Data_Length_Config
                0x00000000       0x64 ./src/kf32a9k1xxx_can.o
 .text$CAN_Identification_Code_Config
                0x00000000       0xc0 ./src/kf32a9k1xxx_can.o
 .text$CAN_Get_INT_Flag
                0x00000000       0x90 ./src/kf32a9k1xxx_can.o
 .text$CAN_Clear_INT_Flag
                0x00000000       0x94 ./src/kf32a9k1xxx_can.o
 .text$CAN_Set_INT_Enable
                0x00000000       0x80 ./src/kf32a9k1xxx_can.o
 .text$CAN_Set_Reseive_DMA_Enable
                0x00000000       0x64 ./src/kf32a9k1xxx_can.o
 .text$CAN_Set_Send_DMA_Enable
                0x00000000       0x64 ./src/kf32a9k1xxx_can.o
 .text$CAN_Get_Receive_DMA_Flag
                0x00000000       0x40 ./src/kf32a9k1xxx_can.o
 .text$CAN_Get_Send_DMA_Flag
                0x00000000       0x40 ./src/kf32a9k1xxx_can.o
 .text          0x00000000        0x0 ./src/kf32a9k1xxx_canfd.o
 .data          0x00000000        0x0 ./src/kf32a9k1xxx_canfd.o
 .bss           0x00000000        0x0 ./src/kf32a9k1xxx_canfd.o
 .text$SFR_Config
                0x00000000       0x18 ./src/kf32a9k1xxx_canfd.o
 .text$CANFD_Reset
                0x00000000       0x8c ./src/kf32a9k1xxx_canfd.o
 .text$CANFD_Get_Rx_Information_Count
                0x00000000       0x4c ./src/kf32a9k1xxx_canfd.o
 .text$CANFD_Bus_Status_Enable
                0x00000000       0x80 ./src/kf32a9k1xxx_canfd.o
 .text$CANFD_Get_Error_Status
                0x00000000       0x4c ./src/kf32a9k1xxx_canfd.o
 .text$CANFD_Get_Tx_Status
                0x00000000       0x4c ./src/kf32a9k1xxx_canfd.o
 .text$CANFD_Get_Rx_Status
                0x00000000       0x4c ./src/kf32a9k1xxx_canfd.o
 .text$CANFD_Get_Tx_Complete_Status
                0x00000000       0x4c ./src/kf32a9k1xxx_canfd.o
 .text$CANFD_Remotely_Frame_Answer_Enable
                0x00000000       0x74 ./src/kf32a9k1xxx_canfd.o
 .text$CANFD_Full_Mailbox_Rx_Enable
                0x00000000       0x74 ./src/kf32a9k1xxx_canfd.o
 .text$CANFD_Mailbox_Load_Select
                0x00000000       0x70 ./src/kf32a9k1xxx_canfd.o
 .text$CANFD_Get_RAM_Data_Full_Status
                0x00000000       0x4c ./src/kf32a9k1xxx_canfd.o
 .text$CANFD_Get_RAM_Data_Spare_Status
                0x00000000       0x4c ./src/kf32a9k1xxx_canfd.o
 .text$CANFD_Clear_RAM_Full_Flag
                0x00000000       0x4c ./src/kf32a9k1xxx_canfd.o
 .text$CANFD_Freed_Rx_Cache
                0x00000000       0x4c ./src/kf32a9k1xxx_canfd.o
 .text$CANFD_Terminate_Tx
                0x00000000       0x4c ./src/kf32a9k1xxx_canfd.o
 .text$CANFD_Tx_Request
                0x00000000       0x4c ./src/kf32a9k1xxx_canfd.o
 .text$CANFD_Enable
                0x00000000       0x74 ./src/kf32a9k1xxx_canfd.o
 .text$CANFD_Work_CLK_Select
                0x00000000       0x6c ./src/kf32a9k1xxx_canfd.o
 .text$CANFD_CANFD_Frame_Protocol_Select
                0x00000000       0x6c ./src/kf32a9k1xxx_canfd.o
 .text$CANFD_Sleep_Mode_Enable
                0x00000000       0x74 ./src/kf32a9k1xxx_canfd.o
 .text$CANFD_Loopback_Mode_Enable
                0x00000000       0x74 ./src/kf32a9k1xxx_canfd.o
 .text$CANFD_Quiet_Mode_Enable
                0x00000000       0x74 ./src/kf32a9k1xxx_canfd.o
 .text$CANFD_Reset_Mode_Select
                0x00000000       0x6c ./src/kf32a9k1xxx_canfd.o
 .text$CANFD_Clear_Timestamp_Count
                0x00000000       0x50 ./src/kf32a9k1xxx_canfd.o
 .text$CANFD_Timestamp_Count_CLK_Select
                0x00000000       0x70 ./src/kf32a9k1xxx_canfd.o
 .text$CANFD_Arbitration_Failure_Tx_Enable
                0x00000000       0x70 ./src/kf32a9k1xxx_canfd.o
 .text$CANFD_Arbitration_Match_CLK_Select
                0x00000000       0x6c ./src/kf32a9k1xxx_canfd.o
 .text$CANFD_Rx_MAX_NUM_Of_Times_Config
                0x00000000       0x70 ./src/kf32a9k1xxx_canfd.o
 .text$CANFD_Switch_BaudRate_Preset_Value
                0x00000000       0x70 ./src/kf32a9k1xxx_canfd.o
 .text$CANFD_Bus_Sampling_Times_Config
                0x00000000       0x70 ./src/kf32a9k1xxx_canfd.o
 .text$CANFD_TimeSEG2_Config
                0x00000000       0x74 ./src/kf32a9k1xxx_canfd.o
 .text$CANFD_TimeSEG1_Config
                0x00000000       0x74 ./src/kf32a9k1xxx_canfd.o
 .text$CANFD_Sync_Jump_Width_Config
                0x00000000       0x70 ./src/kf32a9k1xxx_canfd.o
 .text$CANFD_BaudRate_Div_Preset_Config
                0x00000000       0x70 ./src/kf32a9k1xxx_canfd.o
 .text$CANFD_Get_Error_Code
                0x00000000       0x48 ./src/kf32a9k1xxx_canfd.o
 .text$CANFD_Get_Error_Direction
                0x00000000       0x44 ./src/kf32a9k1xxx_canfd.o
 .text$CANFD_Get_Error_SEG
                0x00000000       0x48 ./src/kf32a9k1xxx_canfd.o
 .text$CANFD_Get_Bus_Seize_Lost_Bit
                0x00000000       0x44 ./src/kf32a9k1xxx_canfd.o
 .text$CANFD_Get_EROR_Register_Value
                0x00000000       0x70 ./src/kf32a9k1xxx_canfd.o
 .text$CANFD_Set_EROR_Register_Value
                0x00000000       0x9c ./src/kf32a9k1xxx_canfd.o
 .text$CANFD_Set_Global_Mask_Register_Value
                0x00000000       0x3c ./src/kf32a9k1xxx_canfd.o
 .text$CANFD_Get_Rx_Cache_Register_Group
                0x00000000       0x58 ./src/kf32a9k1xxx_canfd.o
 .text$CANFD_Get_Timestamp_Value
                0x00000000       0x40 ./src/kf32a9k1xxx_canfd.o
 .text$CANFD_Set_Timestamp_Value
                0x00000000       0x54 ./src/kf32a9k1xxx_canfd.o
 .text$CANFD_Get_CRC_Timestamp_Value
                0x00000000       0x44 ./src/kf32a9k1xxx_canfd.o
 .text$CANFD_LPCAN_Tx_Pin_Select
                0x00000000       0x70 ./src/kf32a9k1xxx_canfd.o
 .text$CANFD_Clear_INT_Bit
                0x00000000       0x9c ./src/kf32a9k1xxx_canfd.o
 .text$CANFD_INT_Enable
                0x00000000       0x8c ./src/kf32a9k1xxx_canfd.o
 .text$CANFD_Get_Rx_No_Blank_Flag
                0x00000000       0x44 ./src/kf32a9k1xxx_canfd.o
 .text$CANFD_Get_Rxfinish_DMA_Flag
                0x00000000       0x44 ./src/kf32a9k1xxx_canfd.o
 .text$CANFD_Get_Txfinish_DMA_Flag
                0x00000000       0x44 ./src/kf32a9k1xxx_canfd.o
 .text$CANFD_Get_INT_Flag
                0x00000000       0x54 ./src/kf32a9k1xxx_canfd.o
 .text$CANFD_Get_AMSTA_MATWINNER_Value
                0x00000000       0x48 ./src/kf32a9k1xxx_canfd.o
 .text$CANFD_Get_Rx_Match_Flag
                0x00000000       0x44 ./src/kf32a9k1xxx_canfd.o
 .text$CANFD_Get_AMSTA_ARBWINNER_Value
                0x00000000       0x48 ./src/kf32a9k1xxx_canfd.o
 .text$CANFD_Get_Tx_Arbitration0_Flag
                0x00000000       0x44 ./src/kf32a9k1xxx_canfd.o
 .text$CANFD_Get_Tx_Arbitration1_Flag
                0x00000000       0x44 ./src/kf32a9k1xxx_canfd.o
 .text          0x00000000        0x0 ./src/kf32a9k1xxx_cfgl.o
 .data          0x00000000        0x0 ./src/kf32a9k1xxx_cfgl.o
 .bss           0x00000000        0x0 ./src/kf32a9k1xxx_cfgl.o
 .text$SFR_Config
                0x00000000       0x18 ./src/kf32a9k1xxx_cfgl.o
 .text$CFGL_Reset
                0x00000000       0x2c ./src/kf32a9k1xxx_cfgl.o
 .text$CFGL_Configuration
                0x00000000      0x5a8 ./src/kf32a9k1xxx_cfgl.o
 .text$CFGL_Struct_Init
                0x00000000      0x174 ./src/kf32a9k1xxx_cfgl.o
 .text$CFGL2_OUT_SYNCHRO_Enable
                0x00000000       0x3c ./src/kf32a9k1xxx_cfgl.o
 .text$CFGL1_OUT_SYNCHRO_Enable
                0x00000000       0x3c ./src/kf32a9k1xxx_cfgl.o
 .text$CFGL2_FALLINT_Enable
                0x00000000       0x48 ./src/kf32a9k1xxx_cfgl.o
 .text$CFGL2_RISEINT_Enable
                0x00000000       0x48 ./src/kf32a9k1xxx_cfgl.o
 .text$CFGL1_FALLINT_Enable
                0x00000000       0x48 ./src/kf32a9k1xxx_cfgl.o
 .text$CFGL1_RISEINT_Enable
                0x00000000       0x48 ./src/kf32a9k1xxx_cfgl.o
 .text$CFGL1_Get_INT_Flag
                0x00000000       0x1c ./src/kf32a9k1xxx_cfgl.o
 .text$CFGL2_Get_INT_Flag
                0x00000000       0x1c ./src/kf32a9k1xxx_cfgl.o
 .text$CFGL1_Clear_RISEINT_Flag
                0x00000000       0x24 ./src/kf32a9k1xxx_cfgl.o
 .text$CFGL1_Clear_FALLINT_Flag
                0x00000000       0x24 ./src/kf32a9k1xxx_cfgl.o
 .text$CFGL1_Clear_RISEFALLINT_Flag
                0x00000000       0x2c ./src/kf32a9k1xxx_cfgl.o
 .text$CFGL2_Clear_RISEINT_Flag
                0x00000000       0x20 ./src/kf32a9k1xxx_cfgl.o
 .text$CFGL2_Clear_FALLINT_Flag
                0x00000000       0x20 ./src/kf32a9k1xxx_cfgl.o
 .text$CFGL2_Clear_RISEFALLINT_Flag
                0x00000000       0x28 ./src/kf32a9k1xxx_cfgl.o
 .text$CFGL2_OUT_STATE
                0x00000000       0x1c ./src/kf32a9k1xxx_cfgl.o
 .text$CFGL1_OUT_STATE
                0x00000000       0x1c ./src/kf32a9k1xxx_cfgl.o
 .text$CFGL_Clear_INT_Flag
                0x00000000       0x28 ./src/kf32a9k1xxx_cfgl.o
 .text          0x00000000        0x0 ./src/kf32a9k1xxx_cmp.o
 .data          0x00000000        0x0 ./src/kf32a9k1xxx_cmp.o
 .bss           0x00000000        0x0 ./src/kf32a9k1xxx_cmp.o
 .text$SFR_Config
                0x00000000       0x18 ./src/kf32a9k1xxx_cmp.o
 .text$CMP_Reset
                0x00000000       0x2c ./src/kf32a9k1xxx_cmp.o
 .text$CMP_Configuration
                0x00000000      0xbe0 ./src/kf32a9k1xxx_cmp.o
 .text$CMP_Struct_Init
                0x00000000       0x3e ./src/kf32a9k1xxx_cmp.o
 .text$CMP_IO_Channel_Enable
                0x00000000       0x3c ./src/kf32a9k1xxx_cmp.o
 .text$CMP0_POSITIVE_INPUT_SELECT
                0x00000000       0xf0 ./src/kf32a9k1xxx_cmp.o
 .text$CMP0_NEGATIVE_INPUT_SELECT
                0x00000000       0xe4 ./src/kf32a9k1xxx_cmp.o
 .text$CMP1_POSITIVE_INPUT_SELECT
                0x00000000       0xcc ./src/kf32a9k1xxx_cmp.o
 .text$CMP1_NEGATIVE_INPUT_SELECT
                0x00000000       0xc4 ./src/kf32a9k1xxx_cmp.o
 .text$CMP2_POSITIVE_INPUT_SELECT
                0x00000000       0xb8 ./src/kf32a9k1xxx_cmp.o
 .text$CMP2_NEGATIVE_INPUT_SELECT
                0x00000000       0xb8 ./src/kf32a9k1xxx_cmp.o
 .text$CMP3_POSITIVE_INPUT_SELECT
                0x00000000       0xc0 ./src/kf32a9k1xxx_cmp.o
 .text$CMP3_NEGATIVE_INPUT_SELECT
                0x00000000       0xc0 ./src/kf32a9k1xxx_cmp.o
 .text$CMP0_OUTPUT_POL_SELECT
                0x00000000       0x48 ./src/kf32a9k1xxx_cmp.o
 .text$CMP1_OUTPUT_POL_SELECT
                0x00000000       0x48 ./src/kf32a9k1xxx_cmp.o
 .text$CMP2_OUTPUT_POL_SELECT
                0x00000000       0x48 ./src/kf32a9k1xxx_cmp.o
 .text$CMP3_OUTPUT_POL_SELECT
                0x00000000       0x48 ./src/kf32a9k1xxx_cmp.o
 .text$CMP_OUTPUT_SELECT
                0x00000000       0x64 ./src/kf32a9k1xxx_cmp.o
 .text$CMP0_Cmd
                0x00000000       0x3c ./src/kf32a9k1xxx_cmp.o
 .text$CMP1_Cmd
                0x00000000       0x3c ./src/kf32a9k1xxx_cmp.o
 .text$CMP2_Cmd
                0x00000000       0x3c ./src/kf32a9k1xxx_cmp.o
 .text$CMP3_Cmd
                0x00000000       0x3c ./src/kf32a9k1xxx_cmp.o
 .text$CMP0123_WIN_Control_CLK_Select
                0x00000000       0xd0 ./src/kf32a9k1xxx_cmp.o
 .text$CMP0_Read_Output_State
                0x00000000       0x1c ./src/kf32a9k1xxx_cmp.o
 .text$CMP1_Read_Output_State
                0x00000000       0x1c ./src/kf32a9k1xxx_cmp.o
 .text$CMP2_Read_Output_State
                0x00000000       0x1c ./src/kf32a9k1xxx_cmp.o
 .text$CMP3_Read_Output_State
                0x00000000       0x18 ./src/kf32a9k1xxx_cmp.o
 .text$CMP0_Get_Updata_INT_Flag
                0x00000000       0x1c ./src/kf32a9k1xxx_cmp.o
 .text$CMP1_Get_Updata_INT_Flag
                0x00000000       0x1c ./src/kf32a9k1xxx_cmp.o
 .text$CMP2_Get_Updata_INT_Flag
                0x00000000       0x1c ./src/kf32a9k1xxx_cmp.o
 .text$CMP3_Get_Updata_INT_Flag
                0x00000000       0x1c ./src/kf32a9k1xxx_cmp.o
 .text$CMP_Trigger_Select_Config
                0x00000000       0x50 ./src/kf32a9k1xxx_cmp.o
 .text$CMP0_Clear_Trigger_INT_Flag
                0x00000000       0x24 ./src/kf32a9k1xxx_cmp.o
 .text$CMP1_Clear_Trigger_INT_Flag
                0x00000000       0x24 ./src/kf32a9k1xxx_cmp.o
 .text$CMP2_Clear_Trigger_INT_Flag
                0x00000000       0x24 ./src/kf32a9k1xxx_cmp.o
 .text$CMP3_Clear_Trigger_INT_Flag
                0x00000000       0x24 ./src/kf32a9k1xxx_cmp.o
 .text$CMP0_INT_Enable
                0x00000000       0x3c ./src/kf32a9k1xxx_cmp.o
 .text$CMP1_INT_Enable
                0x00000000       0x3c ./src/kf32a9k1xxx_cmp.o
 .text$CMP2_INT_Enable
                0x00000000       0x3c ./src/kf32a9k1xxx_cmp.o
 .text$CMP3_INT_Enable
                0x00000000       0x3c ./src/kf32a9k1xxx_cmp.o
 .text$CMP_SluggishVoltage_Select
                0x00000000       0x58 ./src/kf32a9k1xxx_cmp.o
 .text$CMP_HALLMODE_Select
                0x00000000       0x48 ./src/kf32a9k1xxx_cmp.o
 .text$CMP_BEMF_Enable
                0x00000000       0x3c ./src/kf32a9k1xxx_cmp.o
 .text$CMP_FLTINSEL_Select
                0x00000000       0x48 ./src/kf32a9k1xxx_cmp.o
 .text$CMP_Win_Control_TRGMUX_CH_Select
                0x00000000       0xcc ./src/kf32a9k1xxx_cmp.o
 .text$CMP_LP_Enable
                0x00000000       0x50 ./src/kf32a9k1xxx_cmp.o
 .text$CMP0123_TRIM_PMOS_Enable
                0x00000000       0x50 ./src/kf32a9k1xxx_cmp.o
 .text$CMP0123_TRIM_NMOS_Enable
                0x00000000       0x50 ./src/kf32a9k1xxx_cmp.o
 .text$CMP0123_TRIM_PMOS_Cail
                0x00000000       0xcc ./src/kf32a9k1xxx_cmp.o
 .text$CMP0123_TRIM_PMOS_Direction_Select
                0x00000000       0xd0 ./src/kf32a9k1xxx_cmp.o
 .text$CMP0123_TRIM_NMOS_Cail
                0x00000000       0xd0 ./src/kf32a9k1xxx_cmp.o
 .text$CMP0123_TRIM_NMOS_Direction_Select
                0x00000000       0xc0 ./src/kf32a9k1xxx_cmp.o
 .text          0x00000000        0x0 ./src/kf32a9k1xxx_crc.o
 .data          0x00000000        0x0 ./src/kf32a9k1xxx_crc.o
 .bss           0x00000000        0x0 ./src/kf32a9k1xxx_crc.o
 .text$SFR_Config
                0x00000000       0x18 ./src/kf32a9k1xxx_crc.o
 .text$CRC_Reset
                0x00000000       0x2c ./src/kf32a9k1xxx_crc.o
 .text$CRC_Configuration
                0x00000000       0xd0 ./src/kf32a9k1xxx_crc.o
 .text$CRC_Struct_Init
                0x00000000       0x20 ./src/kf32a9k1xxx_crc.o
 .text$CRC_INPUT_DATA
                0x00000000       0x14 ./src/kf32a9k1xxx_crc.o
 .text$CRC_GET_RESULT
                0x00000000       0x14 ./src/kf32a9k1xxx_crc.o
 .text$CRC_SET_INITVALUE
                0x00000000       0x14 ./src/kf32a9k1xxx_crc.o
 .text$CRC_SET_PLN
                0x00000000       0x14 ./src/kf32a9k1xxx_crc.o
 .text$CRC_SET_RXOR
                0x00000000       0x14 ./src/kf32a9k1xxx_crc.o
 .text$CRC_SET_IDATA
                0x00000000       0x14 ./src/kf32a9k1xxx_crc.o
 .text$CRC_GET_TEMP
                0x00000000       0x14 ./src/kf32a9k1xxx_crc.o
 .text$CRC_SET_RSET
                0x00000000       0x10 ./src/kf32a9k1xxx_crc.o
 .text          0x00000000        0x0 ./src/kf32a9k1xxx_dac.o
 .data          0x00000000        0x0 ./src/kf32a9k1xxx_dac.o
 .bss           0x00000000        0x0 ./src/kf32a9k1xxx_dac.o
 .text$SFR_Config
                0x00000000       0x18 ./src/kf32a9k1xxx_dac.o
 .text$DAC_Reset
                0x00000000       0xfc ./src/kf32a9k1xxx_dac.o
 .text$DAC_Configuration
                0x00000000      0x294 ./src/kf32a9k1xxx_dac.o
 .text$DAC_Struct_Init
                0x00000000       0x4a ./src/kf32a9k1xxx_dac.o
 .text$DAC_Cmd  0x00000000       0x78 ./src/kf32a9k1xxx_dac.o
 .text$DAC_Software_Trigger_Cmd
                0x00000000       0x78 ./src/kf32a9k1xxx_dac.o
 .text$DAC_DMA_Cmd
                0x00000000       0x78 ./src/kf32a9k1xxx_dac.o
 .text$DAC_Output_Buffer_Config
                0x00000000       0x7c ./src/kf32a9k1xxx_dac.o
 .text$DAC_Output_Port_Config
                0x00000000       0x7c ./src/kf32a9k1xxx_dac.o
 .text$DAC_Write_Output_Data
                0x00000000       0x6c ./src/kf32a9k1xxx_dac.o
 .text$DAC_Read_Output_Data
                0x00000000       0x5c ./src/kf32a9k1xxx_dac.o
 .text$DAC_PCalibration_Direction_Config
                0x00000000       0x88 ./src/kf32a9k1xxx_dac.o
 .text$DAC_PCalibration_Value_Config
                0x00000000       0x88 ./src/kf32a9k1xxx_dac.o
 .text$DAC_PCalibration_Value_Read
                0x00000000       0x64 ./src/kf32a9k1xxx_dac.o
 .text$DAC_NCalibration_Direction_Config
                0x00000000       0x88 ./src/kf32a9k1xxx_dac.o
 .text$DAC_NCalibration_Value_Config
                0x00000000       0x88 ./src/kf32a9k1xxx_dac.o
 .text$DAC_NCalibration_Value_Read
                0x00000000       0x64 ./src/kf32a9k1xxx_dac.o
 .text$DAC_TRIM_STATE_Value_Read
                0x00000000       0x64 ./src/kf32a9k1xxx_dac.o
 .text$DAC_TRIMHI_Enable
                0x00000000       0x8c ./src/kf32a9k1xxx_dac.o
 .text$DAC_TRIMLO_Enable
                0x00000000       0x8c ./src/kf32a9k1xxx_dac.o
 .text$DAC_Test_Group_Config
                0x00000000       0x84 ./src/kf32a9k1xxx_dac.o
 .text$DAC_Test_Group_Enable
                0x00000000       0x88 ./src/kf32a9k1xxx_dac.o
 .text          0x00000000        0x0 ./src/kf32a9k1xxx_dma.o
 .data          0x00000000        0x0 ./src/kf32a9k1xxx_dma.o
 .bss           0x00000000        0x0 ./src/kf32a9k1xxx_dma.o
 .text$SFR_Config
                0x00000000       0x18 ./src/kf32a9k1xxx_dma.o
 .text$DMA_Reset
                0x00000000       0x8c ./src/kf32a9k1xxx_dma.o
 .text$DMA_Configuration
                0x00000000      0x224 ./src/kf32a9k1xxx_dma.o
 .text$DMA_Struct_Init
                0x00000000       0x50 ./src/kf32a9k1xxx_dma.o
 .text$DMA_Transfer_Number_Config
                0x00000000       0xa4 ./src/kf32a9k1xxx_dma.o
 .text$DMA_Memory_To_Memory_Enable
                0x00000000       0xa8 ./src/kf32a9k1xxx_dma.o
 .text$DMA_Channel_Priority_Config
                0x00000000       0xd4 ./src/kf32a9k1xxx_dma.o
 .text$DMA_Peripheral_Data_Width_Config
                0x00000000       0xc0 ./src/kf32a9k1xxx_dma.o
 .text$DMA_Memory_Data_Width_Config
                0x00000000       0xc0 ./src/kf32a9k1xxx_dma.o
 .text$DMA_Peripheral_addr_increase_Enable
                0x00000000       0xa8 ./src/kf32a9k1xxx_dma.o
 .text$DMA_Memory_addr_increase_Enable
                0x00000000       0xa8 ./src/kf32a9k1xxx_dma.o
 .text$DMA_Loop_Mode_Enable
                0x00000000       0xa8 ./src/kf32a9k1xxx_dma.o
 .text$DMA_Transfer_Direction_Config
                0x00000000       0xa8 ./src/kf32a9k1xxx_dma.o
 .text$DMA_Transfer_Mode_Config
                0x00000000       0xa8 ./src/kf32a9k1xxx_dma.o
 .text$DMA_Oneshot_Enable
                0x00000000       0xa8 ./src/kf32a9k1xxx_dma.o
 .text$DMA_Channel_Enable
                0x00000000       0xa8 ./src/kf32a9k1xxx_dma.o
 .text$DMA_Peripheral_Start_Address_Config
                0x00000000       0x7c ./src/kf32a9k1xxx_dma.o
 .text$DMA_Memory_Start_Address_Config
                0x00000000       0x7c ./src/kf32a9k1xxx_dma.o
 .text$DMA_Get_Peripheral_Current_Address
                0x00000000       0x84 ./src/kf32a9k1xxx_dma.o
 .text$DMA_Get_Memory_Current_Address
                0x00000000       0x84 ./src/kf32a9k1xxx_dma.o
 .text$DMA_Get_Transfer_Number_Remain
                0x00000000       0x94 ./src/kf32a9k1xxx_dma.o
 .text$DMA_Get_INT_Flag
                0x00000000       0xb8 ./src/kf32a9k1xxx_dma.o
 .text$DMA_Clear_INT_Flag
                0x00000000       0xb0 ./src/kf32a9k1xxx_dma.o
 .text$DMA_Set_INT_Enable
                0x00000000       0xe4 ./src/kf32a9k1xxx_dma.o
 .text$DMA_Get_Error_Transfer_INT_Flag
                0x00000000       0x98 ./src/kf32a9k1xxx_dma.o
 .text$DMA_Get_Half_Transfer_INT_Flag
                0x00000000       0x98 ./src/kf32a9k1xxx_dma.o
 .text$DMA_Get_Finish_Transfer_INT_Flag
                0x00000000       0x98 ./src/kf32a9k1xxx_dma.o
 .text$DMA_Error_Transfer_INT_Enable
                0x00000000       0xcc ./src/kf32a9k1xxx_dma.o
 .text$DMA_Half_Transfer_INT_Enable
                0x00000000       0xcc ./src/kf32a9k1xxx_dma.o
 .text$DMA_Finish_Transfer_INT_Enable
                0x00000000       0xcc ./src/kf32a9k1xxx_dma.o
 .text          0x00000000        0x0 ./src/kf32a9k1xxx_ecfgl.o
 .data          0x00000000        0x0 ./src/kf32a9k1xxx_ecfgl.o
 .bss           0x00000000        0x0 ./src/kf32a9k1xxx_ecfgl.o
 .text$SFR_Config
                0x00000000       0x18 ./src/kf32a9k1xxx_ecfgl.o
 .text$ECFGL_Reset
                0x00000000       0x2c ./src/kf32a9k1xxx_ecfgl.o
 .text$ECFGL_Output_Enable
                0x00000000       0x80 ./src/kf32a9k1xxx_ecfgl.o
 .text$ECFGL_Function_Select
                0x00000000       0x7c ./src/kf32a9k1xxx_ecfgl.o
 .text$ECFGL_MUX4IN_Select
                0x00000000       0x78 ./src/kf32a9k1xxx_ecfgl.o
 .text$ECFGL_MUX3IN_Select
                0x00000000       0x78 ./src/kf32a9k1xxx_ecfgl.o
 .text$ECFGL_MUX2IN_Select
                0x00000000       0x78 ./src/kf32a9k1xxx_ecfgl.o
 .text$ECFGL_MUX1IN_Select
                0x00000000       0x78 ./src/kf32a9k1xxx_ecfgl.o
 .text$ECFGL_MUX0IN_Select
                0x00000000       0x74 ./src/kf32a9k1xxx_ecfgl.o
 .text$ECFGL_MUX2IN_Software_Bit_Select
                0x00000000       0x70 ./src/kf32a9k1xxx_ecfgl.o
 .text$ECFGL_Fliter_Clock_Div_Select
                0x00000000       0x4c ./src/kf32a9k1xxx_ecfgl.o
 .text$ECFGL_Fliter_Clock_Select
                0x00000000       0x44 ./src/kf32a9k1xxx_ecfgl.o
 .text$ECFGLx_Clear_INT_Flag
                0x00000000       0x78 ./src/kf32a9k1xxx_ecfgl.o
 .text$ECFGLx_Get_INT_Flag
                0x00000000       0x40 ./src/kf32a9k1xxx_ecfgl.o
 .text$ECFGLx_Rise_INT_Enable
                0x00000000       0x78 ./src/kf32a9k1xxx_ecfgl.o
 .text$ECFGLx_Fall_INT_Enable
                0x00000000       0x78 ./src/kf32a9k1xxx_ecfgl.o
 .text$ECFGLx_Trigger_ADC_Enable
                0x00000000       0x54 ./src/kf32a9k1xxx_ecfgl.o
 .text$ECFGLx_Trigger_ADC_Source_Select
                0x00000000       0x44 ./src/kf32a9k1xxx_ecfgl.o
 .text$ECFGLx_Get_ECFGLx_Output_Status
                0x00000000       0x40 ./src/kf32a9k1xxx_ecfgl.o
 .text          0x00000000        0x0 ./src/kf32a9k1xxx_epwm.o
 .data          0x00000000        0x0 ./src/kf32a9k1xxx_epwm.o
 .bss           0x00000000        0x0 ./src/kf32a9k1xxx_epwm.o
 .text$EPWM_TxCNT_Value_Config
                0x00000000       0x5c ./src/kf32a9k1xxx_epwm.o
 .text$EPWM_Get_TxCNT_Value
                0x00000000       0x54 ./src/kf32a9k1xxx_epwm.o
 .text$EPWM_Get_TxPHS_Value
                0x00000000       0x54 ./src/kf32a9k1xxx_epwm.o
 .text$EPWM_TxPPX_Value_Config
                0x00000000       0x5c ./src/kf32a9k1xxx_epwm.o
 .text$EPWM_Get_TxPPX_Value
                0x00000000       0x54 ./src/kf32a9k1xxx_epwm.o
 .text$EPWM_Get_TxPRSC_Value
                0x00000000       0x54 ./src/kf32a9k1xxx_epwm.o
 .text$EPWM_Response_UpperLevel_LINK_Enable
                0x00000000       0x8c ./src/kf32a9k1xxx_epwm.o
 .text$EPWM_NextLevel_LINK_Ask_Enable
                0x00000000       0x8c ./src/kf32a9k1xxx_epwm.o
 .text$EPWM_SYNC_Single_Trigger_Enable
                0x00000000       0x8c ./src/kf32a9k1xxx_epwm.o
 .text$EPWM_Submodule_Register_Lock_Config
                0x00000000       0xb4 ./src/kf32a9k1xxx_epwm.o
 .text$EPWM_Cap_Function_Enable
                0x00000000       0x98 ./src/kf32a9k1xxx_epwm.o
 .text$EPWM_Cap_Trigger_Event_Select
                0x00000000       0x94 ./src/kf32a9k1xxx_epwm.o
 .text$EPWM_Get_CountValue_MAX_Status
                0x00000000       0x5c ./src/kf32a9k1xxx_epwm.o
 .text$EPWM_Clear_CountValue_MAX_Status
                0x00000000       0x7c ./src/kf32a9k1xxx_epwm.o
 .text$EPWM_Software_SYNC_Event
                0x00000000       0x6c ./src/kf32a9k1xxx_epwm.o
 .text$EPWM_Get_External_SYNC_Event_Status
                0x00000000       0x5c ./src/kf32a9k1xxx_epwm.o
 .text$EPWM_Clear_External_SYNC_Event_Status
                0x00000000       0x7c ./src/kf32a9k1xxx_epwm.o
 .text$EPWM_Updata_Event_Config
                0x00000000       0x8c ./src/kf32a9k1xxx_epwm.o
 .text$EPWM_Get_Tx_Count_Direction
                0x00000000       0x58 ./src/kf32a9k1xxx_epwm.o
 .text$EPWM_External_Pulse_Sync_Config
                0x00000000       0x8c ./src/kf32a9k1xxx_epwm.o
 .text$EPWM_Gated_Enable
                0x00000000       0x8c ./src/kf32a9k1xxx_epwm.o
 .text$EPWM_Duty_Cycle_RegisterABCD_Config
                0x00000000       0xa0 ./src/kf32a9k1xxx_epwm.o
 .text$EPWM_Get_Duty_Cycle_RegisterABCD_Value
                0x00000000       0x94 ./src/kf32a9k1xxx_epwm.o
 .text$EPWM_Single_Mandatory_Output_Enable
                0x00000000       0xc4 ./src/kf32a9k1xxx_epwm.o
 .text$EPWM_Single_Mandatory_Output_Config
                0x00000000       0xbc ./src/kf32a9k1xxx_epwm.o
 .text$EPWM_PCLK_Frequency_Config
                0x00000000       0x88 ./src/kf32a9k1xxx_epwm.o
 .text$EPWM_PCLK_Duty_Cycle_Config
                0x00000000       0x84 ./src/kf32a9k1xxx_epwm.o
 .text$EPWM_Chopping_Pulse_Width_Config
                0x00000000       0x84 ./src/kf32a9k1xxx_epwm.o
 .text$EPWM_Chopping_Pulse_Mode_Enable
                0x00000000       0x80 ./src/kf32a9k1xxx_epwm.o
 .text$EPWM_Auto_Reset_Enable
                0x00000000       0x88 ./src/kf32a9k1xxx_epwm.o
 .text$EPWM_Pin_EPWMA_ShouDown_Status_Config
                0x00000000       0x84 ./src/kf32a9k1xxx_epwm.o
 .text$EPWM_Pin_EPWMB_ShouDown_Status_Config
                0x00000000       0x84 ./src/kf32a9k1xxx_epwm.o
 .text$EPWM_Get_Auto_ShowDown_Event_Status
                0x00000000       0x58 ./src/kf32a9k1xxx_epwm.o
 .text$EPWM_Claer_Auto_ShowDown_Event_Status
                0x00000000       0x5c ./src/kf32a9k1xxx_epwm.o
 .text$EPWM_Get_Trigger_AD_Event_Single
                0x00000000       0x94 ./src/kf32a9k1xxx_epwm.o
 .text$EPWM_Software_Trigger_AD_Event_Enable
                0x00000000       0xcc ./src/kf32a9k1xxx_epwm.o
 .text$EPWM_INT_Enable
                0x00000000       0xb0 ./src/kf32a9k1xxx_epwm.o
 .text$EPWM_Get_INT_Flag
                0x00000000       0x7c ./src/kf32a9k1xxx_epwm.o
 .text$EPWM_Clear_INT_Flag
                0x00000000       0xb0 ./src/kf32a9k1xxx_epwm.o
 .text$EPWM_Trigger_DMA_Enable
                0x00000000       0xb0 ./src/kf32a9k1xxx_epwm.o
 .text$EPWM_Get_Trigger_DMA_Flag
                0x00000000       0x7c ./src/kf32a9k1xxx_epwm.o
 .text$EPWM_HRPWM_OUTPUTB_CONTRAL_Select
                0x00000000       0x84 ./src/kf32a9k1xxx_epwm.o
 .text$EPWM_HRPWM_Enable
                0x00000000       0x80 ./src/kf32a9k1xxx_epwm.o
 .text$EPWM_8Bit_HRPWM_Duty_Cycle
                0x00000000       0x5c ./src/kf32a9k1xxx_epwm.o
 .text$EPWM_Get_Cap_Register_Current_Value
                0x00000000       0x54 ./src/kf32a9k1xxx_epwm.o
 .text$EPWM_UDCTL_Updata_Enable
                0x00000000       0xbc ./src/kf32a9k1xxx_epwm.o
 .text$EPWM_UDCTL_Register_Updata_Event_Select
                0x00000000       0xb8 ./src/kf32a9k1xxx_epwm.o
 .text          0x00000000        0x0 ./src/kf32a9k1xxx_ewdt.o
 .data          0x00000000        0x0 ./src/kf32a9k1xxx_ewdt.o
 .bss           0x00000000        0x0 ./src/kf32a9k1xxx_ewdt.o
 .text$SFR_Config
                0x00000000       0x18 ./src/kf32a9k1xxx_ewdt.o
 .text$EWDT_Reset
                0x00000000       0x2c ./src/kf32a9k1xxx_ewdt.o
 .text$EWDT_Output_Effective_Single_Select
                0x00000000       0x50 ./src/kf32a9k1xxx_ewdt.o
 .text$EWDT_Get_Reset_INT_Flag
                0x00000000       0x14 ./src/kf32a9k1xxx_ewdt.o
 .text$EWDT_Clear_Reset_INT_Flag
                0x00000000       0x20 ./src/kf32a9k1xxx_ewdt.o
 .text$EWDT_Reset_Single_INT_Enable
                0x00000000       0x54 ./src/kf32a9k1xxx_ewdt.o
 .text$EWDT_CLK_Select
                0x00000000       0x50 ./src/kf32a9k1xxx_ewdt.o
 .text$EWDT_Input_Effective_Single_Select
                0x00000000       0x50 ./src/kf32a9k1xxx_ewdt.o
 .text$EWDT_Input_Single_Enable
                0x00000000       0x54 ./src/kf32a9k1xxx_ewdt.o
 .text$EWDT_Clear_Count40_INT_Flag
                0x00000000       0x1c ./src/kf32a9k1xxx_ewdt.o
 .text$EWDT_Threshold_Config
                0x00000000       0x50 ./src/kf32a9k1xxx_ewdt.o
 .text$EWDT_Clock_Div_Select
                0x00000000       0x4c ./src/kf32a9k1xxx_ewdt.o
 .text$EWDT_Get_Count40_INT_Flag
                0x00000000       0x14 ./src/kf32a9k1xxx_ewdt.o
 .text$EWDT_Count40_INT_Enable
                0x00000000       0x54 ./src/kf32a9k1xxx_ewdt.o
 .text$EWDT_Enable
                0x00000000       0x48 ./src/kf32a9k1xxx_ewdt.o
 .text$EWDT_Get_Count_Value
                0x00000000       0x14 ./src/kf32a9k1xxx_ewdt.o
 .text$EWDT_Set_Count_Value
                0x00000000       0x48 ./src/kf32a9k1xxx_ewdt.o
 .text          0x00000000        0x0 ./src/kf32a9k1xxx_exic.o
 .data          0x00000000        0x0 ./src/kf32a9k1xxx_exic.o
 .bss           0x00000000        0x0 ./src/kf32a9k1xxx_exic.o
 .text$SFR_Config
                0x00000000       0x18 ./src/kf32a9k1xxx_exic.o
 .text$EXIC_Reset
                0x00000000       0x2c ./src/kf32a9k1xxx_exic.o
 .text$EXIC_Configuration
                0x00000000      0x2f8 ./src/kf32a9k1xxx_exic.o
 .text$EXIC_Struct_Init
                0x00000000       0x66 ./src/kf32a9k1xxx_exic.o
 .text$EXIC_Get_Write_Finish_INT_Flag
                0x00000000       0x1c ./src/kf32a9k1xxx_exic.o
 .text$EXIC_Clear_Write_Finish_INT_Flag
                0x00000000       0x20 ./src/kf32a9k1xxx_exic.o
 .text$EXIC_Get_Read_Finish_INT_Flag
                0x00000000       0x1c ./src/kf32a9k1xxx_exic.o
 .text$EXIC_Clear_Read_Finish_INT_Flag
                0x00000000       0x20 ./src/kf32a9k1xxx_exic.o
 .text$EXIC_Write_Buff
                0x00000000       0x14 ./src/kf32a9k1xxx_exic.o
 .text$EXIC_Read_Buff
                0x00000000        0xc ./src/kf32a9k1xxx_exic.o
 .text          0x00000000        0x0 ./src/kf32a9k1xxx_fdc.o
 .data          0x00000000        0x0 ./src/kf32a9k1xxx_fdc.o
 .bss           0x00000000        0x0 ./src/kf32a9k1xxx_fdc.o
 .text$SFR_Config
                0x00000000       0x18 ./src/kf32a9k1xxx_fdc.o
 .text$FDC_Reset
                0x00000000       0xc0 ./src/kf32a9k1xxx_fdc.o
 .text$FDC_TRGI_Count_Reset_Enable
                0x00000000       0x80 ./src/kf32a9k1xxx_fdc.o
 .text$FDC_Work_Clk_Select
                0x00000000       0x7c ./src/kf32a9k1xxx_fdc.o
 .text$FDC_Clear_MDLIF_Flag
                0x00000000       0xa4 ./src/kf32a9k1xxx_fdc.o
 .text$FDC_Cycle_Scan_Enable
                0x00000000       0x80 ./src/kf32a9k1xxx_fdc.o
 .text$FDC_Work_Mode_Select
                0x00000000       0x7c ./src/kf32a9k1xxx_fdc.o
 .text$FDC_Updata_Mode_Select
                0x00000000       0x7c ./src/kf32a9k1xxx_fdc.o
 .text$FDC_Sequence_Error_INT_Enable
                0x00000000       0x80 ./src/kf32a9k1xxx_fdc.o
 .text$FDC_Software_Triggle_Enable
                0x00000000       0x60 ./src/kf32a9k1xxx_fdc.o
 .text$FDC_MDL_INT_DMA_Enable
                0x00000000       0x80 ./src/kf32a9k1xxx_fdc.o
 .text$FDC_Prescaler_Select
                0x00000000       0x7c ./src/kf32a9k1xxx_fdc.o
 .text$FDC_Scaler_Factor
                0x00000000       0x78 ./src/kf32a9k1xxx_fdc.o
 .text$FDC_Triggle_Input_Select
                0x00000000       0x78 ./src/kf32a9k1xxx_fdc.o
 .text$FDC_MDL_INT_Enable
                0x00000000       0x78 ./src/kf32a9k1xxx_fdc.o
 .text$FDC_Get_MDL_INT_Flag
                0x00000000       0x4c ./src/kf32a9k1xxx_fdc.o
 .text$FDC_Single_Mode_Enable
                0x00000000       0x80 ./src/kf32a9k1xxx_fdc.o
 .text$FDC_Ldok_Write1
                0x00000000       0x5c ./src/kf32a9k1xxx_fdc.o
 .text$FDC_Pulse_Output_Enable
                0x00000000       0x80 ./src/kf32a9k1xxx_fdc.o
 .text$FDC_Enable
                0x00000000       0x74 ./src/kf32a9k1xxx_fdc.o
 .text$FDC_Set_Count_Cycle
                0x00000000       0x60 ./src/kf32a9k1xxx_fdc.o
 .text$FDC_Get_Count_Cycle
                0x00000000       0x48 ./src/kf32a9k1xxx_fdc.o
 .text$FDC_Get_Count_Value
                0x00000000       0x48 ./src/kf32a9k1xxx_fdc.o
 .text$FDC_Get_INT_Delay_Value
                0x00000000       0x48 ./src/kf32a9k1xxx_fdc.o
 .text$FDC_Clear_Channel_List_Error_Flag
                0x00000000      0x128 ./src/kf32a9k1xxx_fdc.o
 .text$FDC_Get_Channel_List_Error_Flag
                0x00000000       0xd8 ./src/kf32a9k1xxx_fdc.o
 .text$FDC_Get_CFn_Flag
                0x00000000       0xd8 ./src/kf32a9k1xxx_fdc.o
 .text$FDC_Channel_Pre_Triggle_Select
                0x00000000      0x120 ./src/kf32a9k1xxx_fdc.o
 .text$FDC_Channel_Pre_Signel_Enable
                0x00000000      0x120 ./src/kf32a9k1xxx_fdc.o
 .text$FDC_Channelm_Pre_Triggle_Delay0
                0x00000000      0x104 ./src/kf32a9k1xxx_fdc.o
 .text$FDC_Channelm_Pre_Triggle_Delay1
                0x00000000      0x108 ./src/kf32a9k1xxx_fdc.o
 .text$FDC_Channelm_Pre_Triggle_Delay2
                0x00000000      0x104 ./src/kf32a9k1xxx_fdc.o
 .text$FDC_Channelm_Pre_Triggle_Delay3
                0x00000000      0x108 ./src/kf32a9k1xxx_fdc.o
 .text$FDC_Channelm_Pre_Triggle_Delay4
                0x00000000      0x104 ./src/kf32a9k1xxx_fdc.o
 .text$FDC_Pulse_Output_DelayH
                0x00000000      0x108 ./src/kf32a9k1xxx_fdc.o
 .text$FDC_Pulse_Output_DelayL
                0x00000000      0x104 ./src/kf32a9k1xxx_fdc.o
 .text          0x00000000        0x0 ./src/kf32a9k1xxx_flash.o
 .data          0x00000000        0x0 ./src/kf32a9k1xxx_flash.o
 .bss           0x00000000        0x0 ./src/kf32a9k1xxx_flash.o
 .text$SFR_Config
                0x00000000       0x18 ./src/kf32a9k1xxx_flash.o
 .indata$CHECK_RESTRICTION_RAM
                0x00000000        0xe ./src/kf32a9k1xxx_flash.o
 .indata$SFR_Config_RAM
                0x00000000       0x18 ./src/kf32a9k1xxx_flash.o
 .indata$FLASH_Get_NonVolatile_Memory_Unlock_Status_RAM
                0x00000000       0x1c ./src/kf32a9k1xxx_flash.o
 .indata$FLASH_Clear_NonVolatile_Memory_Unlock_Status_RAM
                0x00000000       0x38 ./src/kf32a9k1xxx_flash.o
 .text$FLASH_Clear_NonVolatile_Memory_Unlock_Status
                0x00000000       0x38 ./src/kf32a9k1xxx_flash.o
 .indata$FLASH_Unlock_ISP_RAM
                0x00000000       0x1c ./src/kf32a9k1xxx_flash.o
 .text$FLASH_Unlock_ISP
                0x00000000       0x1c ./src/kf32a9k1xxx_flash.o
 .indata$FLASH_Get_Flash_Unlock_Status_RAM
                0x00000000       0x1c ./src/kf32a9k1xxx_flash.o
 .indata$FLASH_Clear_Flash_Unlock_Status_RAM
                0x00000000       0x38 ./src/kf32a9k1xxx_flash.o
 .text$FLASH_Clear_Flash_Unlock_Status
                0x00000000       0x38 ./src/kf32a9k1xxx_flash.o
 .indata$FLASH_Unlock_Code_RAM
                0x00000000       0x1c ./src/kf32a9k1xxx_flash.o
 .text$FLASH_Unlock_Code
                0x00000000       0x1c ./src/kf32a9k1xxx_flash.o
 .indata$FLASH_Get_Config_Unlock_Status_RAM
                0x00000000       0x1c ./src/kf32a9k1xxx_flash.o
 .indata$FLASH_Clear_Config_Unlock_Status_RAM
                0x00000000       0x38 ./src/kf32a9k1xxx_flash.o
 .text$FLASH_Clear_Config_Unlock_Status
                0x00000000       0x38 ./src/kf32a9k1xxx_flash.o
 .indata$FLASH_Unlock_User_Config_RAM
                0x00000000       0x1c ./src/kf32a9k1xxx_flash.o
 .text$FLASH_Unlock_User_Config
                0x00000000       0x1c ./src/kf32a9k1xxx_flash.o
 .indata$FLASH_Data_Write_Enable_RAM
                0x00000000       0x3c ./src/kf32a9k1xxx_flash.o
 .indata$FLASH_Zone_Config_RAM
                0x00000000       0x3c ./src/kf32a9k1xxx_flash.o
 .text$FLASH_Zone_Config
                0x00000000       0x3c ./src/kf32a9k1xxx_flash.o
 .indata$FLASH_Standby_Mode_Config_RAM
                0x00000000       0x68 ./src/kf32a9k1xxx_flash.o
 .indata$FLASH_Read_Mode_Config_RAM
                0x00000000       0x3c ./src/kf32a9k1xxx_flash.o
 .indata$FLASH_Calibration_Updata_Enable_RAM
                0x00000000       0x5c ./src/kf32a9k1xxx_flash.o
 .indata$FLASH_Information_Zone_Wipe_Unlock_Config_RAM
                0x00000000       0x5c ./src/kf32a9k1xxx_flash.o
 .indata$FLASH_Half_Page_Write_Size_Config_RAM
                0x00000000       0x54 ./src/kf32a9k1xxx_flash.o
 .indata$FLASH_Program_Cmd_Config_RAM
                0x00000000       0x54 ./src/kf32a9k1xxx_flash.o
 .indata$FLASH_Executive_Cmd_RAM
                0x00000000       0x38 ./src/kf32a9k1xxx_flash.o
 .text$FLASH_Executive_Cmd
                0x00000000       0x38 ./src/kf32a9k1xxx_flash.o
 .indata$FLASH_NonVolatile_Memory_ECC_Enable_RAM
                0x00000000       0x3c ./src/kf32a9k1xxx_flash.o
 .indata$FLASH_Linear_Prefetch_Enable_RAM
                0x00000000       0x3c ./src/kf32a9k1xxx_flash.o
 .indata$FLASH_Period_Number_Config_RAM
                0x00000000       0x50 ./src/kf32a9k1xxx_flash.o
 .indata$FLASH_Program_Addr_Config_RAM
                0x00000000       0x50 ./src/kf32a9k1xxx_flash.o
 .indata$FLASH_Get_Program_Status_RAM
                0x00000000       0x1c ./src/kf32a9k1xxx_flash.o
 .text$FLASH_Get_Program_Status
                0x00000000       0x1c ./src/kf32a9k1xxx_flash.o
 .indata$FLASH_Get_Wipe_Status_RAM
                0x00000000       0x1c ./src/kf32a9k1xxx_flash.o
 .text$FLASH_Get_Wipe_Status
                0x00000000       0x1c ./src/kf32a9k1xxx_flash.o
 .indata$FLASH_Get_Compute_Complete_Status_RAM
                0x00000000       0x1c ./src/kf32a9k1xxx_flash.o
 .indata$FLASH_Clear_Compute_Complete_Status_RAM
                0x00000000       0x20 ./src/kf32a9k1xxx_flash.o
 .indata$FLASH_Get_CFG_Error_Flag_RAM
                0x00000000       0x1c ./src/kf32a9k1xxx_flash.o
 .indata$FLASH_Clear_CFG_Error_Flag_RAM
                0x00000000       0x1c ./src/kf32a9k1xxx_flash.o
 .indata$FLASH_CheckSum_Addr_Config_RAM
                0x00000000       0x50 ./src/kf32a9k1xxx_flash.o
 .indata$FLASH_Start_SIG_Compute_Enable_RAM
                0x00000000       0x3c ./src/kf32a9k1xxx_flash.o
 .indata$FLASH_Get_CheckSum_Result_RAM
                0x00000000       0x40 ./src/kf32a9k1xxx_flash.o
 .indata$FLASH_Wipe_Configuration_RAM
                0x00000000       0xe4 ./src/kf32a9k1xxx_flash.o
 .text$FLASH_Wipe_Configuration
                0x00000000       0xe4 ./src/kf32a9k1xxx_flash.o
 .indata$FLASH_Program_Configuration_RAM
                0x00000000      0x1bc ./src/kf32a9k1xxx_flash.o
 .text$FLASH_Program_Configuration
                0x00000000      0x1bc ./src/kf32a9k1xxx_flash.o
 .bss$comm$read_data
                0x00000000        0x4 ./src/kf32a9k1xxx_flash.o
 .indata$Read_Flash_or_CFR_RAM
                0x00000000       0x94 ./src/kf32a9k1xxx_flash.o
 .text$Read_Flash_or_CFR
                0x00000000       0x94 ./src/kf32a9k1xxx_flash.o
 .text$Read_Soft_Device_ID1
                0x00000000       0x20 ./src/kf32a9k1xxx_flash.o
 .text$Read_Soft_Device_ID2
                0x00000000       0x20 ./src/kf32a9k1xxx_flash.o
 .text$Read_Soft_Device_ID3
                0x00000000       0x20 ./src/kf32a9k1xxx_flash.o
 .text$Read_Soft_Device_ID4
                0x00000000       0x20 ./src/kf32a9k1xxx_flash.o
 .text$CACHE_Get_CACHE_ECC_Error_Flag
                0x00000000       0x14 ./src/kf32a9k1xxx_flash.o
 .text$CACHE_Get_FLASH_ECC_Error_Flag
                0x00000000       0x14 ./src/kf32a9k1xxx_flash.o
 .text$CACHE_RAM_Check_ECC_Error_INT_Enable
                0x00000000       0x54 ./src/kf32a9k1xxx_flash.o
 .text$CACHE_CACHE_Check_ECC_Error_INT_Enable
                0x00000000       0x54 ./src/kf32a9k1xxx_flash.o
 .text$CACHE_FLASH_Check_ECC_Error_INT_Enable
                0x00000000       0x54 ./src/kf32a9k1xxx_flash.o
 .text$CACHE_CACHE_Check_ECC_Enable
                0x00000000       0x54 ./src/kf32a9k1xxx_flash.o
 .text$CACHE_Instruction_CACHE_Read_2Row_Enable
                0x00000000       0x54 ./src/kf32a9k1xxx_flash.o
 .text$CACHE_Instruction_CACHE_Write_2Row_Enable
                0x00000000       0x54 ./src/kf32a9k1xxx_flash.o
 .text$CACHE_CACHE_Reset_Enable
                0x00000000       0x54 ./src/kf32a9k1xxx_flash.o
 .text$CACHE_CACHE_Enable
                0x00000000       0x50 ./src/kf32a9k1xxx_flash.o
 .text          0x00000000        0x0 ./src/kf32a9k1xxx_flexmux.o
 .data          0x00000000        0x0 ./src/kf32a9k1xxx_flexmux.o
 .bss           0x00000000        0x0 ./src/kf32a9k1xxx_flexmux.o
 .text$SFR_Config
                0x00000000       0x18 ./src/kf32a9k1xxx_flexmux.o
 .text$FMUX_Reset
                0x00000000       0x2c ./src/kf32a9k1xxx_flexmux.o
 .text$FMUX_Channel_Enable
                0x00000000       0x80 ./src/kf32a9k1xxx_flexmux.o
 .text$FMUX_Channel_Triggle_Source_Select
                0x00000000       0xb8 ./src/kf32a9k1xxx_flexmux.o
 .text$FMUX_Enable
                0x00000000       0x48 ./src/kf32a9k1xxx_flexmux.o
 .text$FMUX_Output_Channel_DMA_Enable
                0x00000000       0x7c ./src/kf32a9k1xxx_flexmux.o
 .text$FMUX_Triggle_Single_Maintain_Time_Select
                0x00000000       0x78 ./src/kf32a9k1xxx_flexmux.o
 .text$FMUX_Output_Select
                0x00000000       0x78 ./src/kf32a9k1xxx_flexmux.o
 .text$FMUX_Work_CLK_Select
                0x00000000       0x48 ./src/kf32a9k1xxx_flexmux.o
 .text          0x00000000        0x0 ./src/kf32a9k1xxx_gpio.o
 .data          0x00000000        0x0 ./src/kf32a9k1xxx_gpio.o
 .bss           0x00000000        0x0 ./src/kf32a9k1xxx_gpio.o
 .text$GPIO_Pin_Lock_Config
                0x00000000       0xe4 ./src/kf32a9k1xxx_gpio.o
 .text$GPIO_Pull_Up_Enable
                0x00000000       0xd4 ./src/kf32a9k1xxx_gpio.o
 .text$GPIO_Toggle_Pull_Up_Config
                0x00000000       0xa4 ./src/kf32a9k1xxx_gpio.o
 .text$GPIO_Pull_Down_Enable
                0x00000000       0xd4 ./src/kf32a9k1xxx_gpio.o
 .text$GPIO_Toggle_Pull_Down_Config
                0x00000000       0xa4 ./src/kf32a9k1xxx_gpio.o
 .text$GPIO_Open_Drain_Enable
                0x00000000       0xd4 ./src/kf32a9k1xxx_gpio.o
 .text$GPIO_Toggle_Open_Drain_Config
                0x00000000       0xa4 ./src/kf32a9k1xxx_gpio.o
 .text$GPIO_Speed_Config
                0x00000000       0xfc ./src/kf32a9k1xxx_gpio.o
 .text$GPIO_Toggle_Speed_Config
                0x00000000       0xd4 ./src/kf32a9k1xxx_gpio.o
 .text$GPIO_Read_Input_Data
                0x00000000       0x8c ./src/kf32a9k1xxx_gpio.o
 .text$GPIO_Read_Output_Data_Bit
                0x00000000       0xb4 ./src/kf32a9k1xxx_gpio.o
 .text$GPIO_Read_Output_Data
                0x00000000       0x8c ./src/kf32a9k1xxx_gpio.o
 .text$GPIO_Set_Output_Data_Bits
                0x00000000       0xd4 ./src/kf32a9k1xxx_gpio.o
 .text$GPIO_Toggle_Output_Data_Config
                0x00000000       0x8c ./src/kf32a9k1xxx_gpio.o
 .text$FlexRM_Reset
                0x00000000       0x2c ./src/kf32a9k1xxx_gpio.o
 .text$FlexRM_Channel_Direction_Select
                0x00000000       0x74 ./src/kf32a9k1xxx_gpio.o
 .text$FlexRM_Group_Enable
                0x00000000       0x78 ./src/kf32a9k1xxx_gpio.o
 .text$FlexRM_Group_Function_Select
                0x00000000       0xac ./src/kf32a9k1xxx_gpio.o
 .text$FlexRM_Group_Output_Select
                0x00000000       0xe4 ./src/kf32a9k1xxx_gpio.o
 .text$FlexRM_Group_Input_Select
                0x00000000       0xe8 ./src/kf32a9k1xxx_gpio.o
 .text          0x00000000        0x0 ./src/kf32a9k1xxx_gtim.o
 .data          0x00000000        0x0 ./src/kf32a9k1xxx_gtim.o
 .bss           0x00000000        0x0 ./src/kf32a9k1xxx_gtim.o
 .text$SFR_Config
                0x00000000       0x18 ./src/kf32a9k1xxx_gtim.o
 .text$GPTIM_Reset
[...]
                0x10001c20                error_state
 *fill*         0x10001c22        0x2 
 .data$init$adc_current_scale
                0x10001c24        0x4 ./main.o
                0x10001c24                adc_current_scale
 .data$init$adc_voltage_scale
                0x10001c28        0x4 ./main.o
                0x10001c28                adc_voltage_scale
 .data$init$CORDIC_DATA
                0x10001c2c       0x20 C:\kf32_workspace_copy\KF32A156_DEMO_PMSM_FOC_V1_1/libkf32a156foc2shunt.a(libkf32foc.o)
                0x10001c2c                CORDIC_DATA
 .data$TableStruct
                0x10001c4c        0x4 C:/Program Files (x86)/ChipON IDE/KungFu32/ChiponCC32/ccr1_issue/lib/libSeriesDIServices.a(__X2CScopeWrapper.o)
                0x10001c4c                TableStruct
 .data$interface
                0x10001c50       0x18 C:/Program Files (x86)/ChipON IDE/KungFu32/ChiponCC32/ccr1_issue/lib/libSeriesDIServices.a(__X2CScopeWrapper.o)
 .data$protocol
                0x10001c68       0x2c C:/Program Files (x86)/ChipON IDE/KungFu32/ChiponCC32/ccr1_issue/lib/libSeriesDIServices.a(__X2CScopeWrapper.o)
 .data$bufferLNet
                0x10001c94       0xff C:/Program Files (x86)/ChipON IDE/KungFu32/ChiponCC32/ccr1_issue/lib/libSeriesDIServices.a(__X2CScopeWrapper.o)
 *fill*         0x10001d93        0x1 
 .data$sendSerialFcn
                0x10001d94        0x4 C:/Program Files (x86)/ChipON IDE/KungFu32/ChiponCC32/ccr1_issue/lib/libSeriesDIServices.a(__X2CScopeWrapper.o)
 .data$receiveSerialFcn
                0x10001d98        0x4 C:/Program Files (x86)/ChipON IDE/KungFu32/ChiponCC32/ccr1_issue/lib/libSeriesDIServices.a(__X2CScopeWrapper.o)
 .data$isReceiveDataAvailableFcn
                0x10001d9c        0x4 C:/Program Files (x86)/ChipON IDE/KungFu32/ChiponCC32/ccr1_issue/lib/libSeriesDIServices.a(__X2CScopeWrapper.o)
 .data$isSendReadyFcn
                0x10001da0        0x4 C:/Program Files (x86)/ChipON IDE/KungFu32/ChiponCC32/ccr1_issue/lib/libSeriesDIServices.a(__X2CScopeWrapper.o)
 .data$lastSyn  0x10001da4        0x1 C:/Program Files (x86)/ChipON IDE/KungFu32/ChiponCC32/ccr1_issue/lib/libSeriesDIServices.a(__LNet.o)
 *fill*         0x10001da5        0x3 
 .data$nextGlobalState
                0x10001da8        0x4 C:/Program Files (x86)/ChipON IDE/KungFu32/ChiponCC32/ccr1_issue/lib/libSeriesDIServices.a(__LNet.o)
 .data$txBufFull.1618
                0x10001dac        0x4 C:/Program Files (x86)/ChipON IDE/KungFu32/ChiponCC32/ccr1_issue/lib/libSeriesDIServices.a(__LNet.o)
 .data$serviceTable
                0x10001db0       0x6c C:/Program Files (x86)/ChipON IDE/KungFu32/ChiponCC32/ccr1_issue/lib/libSeriesDIServices.a(__Services.o)
 .data$_Ctype   0x10001e1c        0x4 C:/Program Files (x86)/ChipON IDE/KungFu32/ChiponCC32/ccr1_issue/lib/libctype.a(ctype_tab.o)
                0x10001e1c                _Ctype
                0x10001e20                . = ((. + 0x3) & 0xfffffffc)
                0x10001e20                __data_end__ = .
                0x10001e20                . = ((. + 0x3) & 0xfffffffc)
                0x10001e20                __bss_start__ = .
 *(COMMON*)
 COMMON         0x10001e20       0x34 C:/Program Files (x86)/ChipON IDE/KungFu32/ChiponCC32/ccr1_issue/lib/libSeriesDIServices.a(__X2CScopeWrapper.o)
                0x10001e20                TheTableStruct
 *fill*         0x10001e54        0xc 
 COMMON         0x10001e60       0x7c C:/Program Files (x86)/ChipON IDE/KungFu32/ChiponCC32/ccr1_issue/lib/libSeriesDIServices.a(__X2C.o)
                0x10001e60                TScope
 *fill*         0x10001edc        0x4 
 COMMON         0x10001ee0     0x2000 C:/Program Files (x86)/ChipON IDE/KungFu32/ChiponCC32/ccr1_issue/lib/libSeriesDIServices.a(__Scope_Main.o)
                0x10001ee0                ScopeArray
 *(.bss*)
 .bss$comm$adc_data
                0x10003ee0       0x24 ./driver/driver_adc.o
                0x10003ee0                adc_data
 .bss$comm$adc_buf
                0x10003f04       0x18 ./driver/driver_adc.o
                0x10003f04                adc_buf
 .bss$comm$error_param
                0x10003f1c       0x38 ./application/alarm.o
                0x10003f1c                error_param
 .bss$comm$commu_data
                0x10003f54        0x4 ./application/commu.o
                0x10003f54                commu_data
 .bss$comm$sin_data
                0x10003f58        0xc ./application/commu.o
                0x10003f58                sin_data
 .bss$comm$sys_control
                0x10003f64        0xc ./application/control.o
                0x10003f64                sys_control
 .bss$comm$control_param
                0x10003f70       0x34 ./application/control.o
                0x10003f70                control_param
 .bss$comm$SVGenParm
                0x10003fa4        0xe ./application/param.o
                0x10003fa4                SVGenParm
 .bss$comm$ParkParm
                0x10003fb2       0x24 ./application/param.o
                0x10003fb2                ParkParm
 *fill*         0x10003fd6        0x2 
 .bss$comm$PIParmD
                0x10003fd8       0x1c ./application/param.o
                0x10003fd8                PIParmD
 .bss$comm$PIParmQ
                0x10003ff4       0x1c ./application/param.o
                0x10003ff4                PIParmQ
 .bss$comm$PIParmW
                0x10004010       0x1c ./application/param.o
                0x10004010                PIParmW
 .bss$comm$smc1
                0x1000402c       0x32 ./application/param.o
                0x1000402c                smc1
 *fill*         0x1000405e        0x2 
 .bss$comm$speed_data
                0x10004060       0x38 ./application/speed.o
                0x10004060                speed_data
 .bss$comm$run_mode
                0x10004098        0x2 ./application/state_machine.o
                0x10004098                run_mode
 .bss$comm$DATA_atan2CORDIC
                0x1000409a        0x2 C:\kf32_workspace_copy\KF32A156_DEMO_PMSM_FOC_V1_1/libkf32a156foc2shunt.a(libkf32foc.o)
                0x1000409a                DATA_atan2CORDIC
 .bss$comm$Data_FracMpy
                0x1000409c        0x2 C:\kf32_workspace_copy\KF32A156_DEMO_PMSM_FOC_V1_1/libkf32a156foc2shunt.a(libkf32foc.o)
                0x1000409c                Data_FracMpy
 *fill*         0x1000409e        0x2 
 .bss$comm$e10  0x100040a0        0x4 C:/Program Files (x86)/ChipON IDE/KungFu32/ChiponCC32/ccr1_issue/lib/libstdlib.a(ftoa.o)
                0x100040a0                e10
 .bss$comm$e2   0x100040a4        0x4 C:/Program Files (x86)/ChipON IDE/KungFu32/ChiponCC32/ccr1_issue/lib/libstdlib.a(ftoa.o)
                0x100040a4                e2
 .bss$comm$lf   0x100040a8        0x4 C:/Program Files (x86)/ChipON IDE/KungFu32/ChiponCC32/ccr1_issue/lib/libstdlib.a(ftoa.o)
                0x100040a8                lf
 .bss$static$S  0x100040ac        0x4 C:/Program Files (x86)/ChipON IDE/KungFu32/ChiponCC32/ccr1_issue/lib/libstdlib.a(ftoa.o)
                0x100040b0                . = ((. + 0x3) & 0xfffffffc)
                0x100040b0                __bss_end__ = .
 *(.userdata*)
                0x100040b0                __allot_end__ = ((. + 0x3) & 0xfffffffc)
                0x100040b0                __Heap_Start__ = __allot_end__
 *(.heap_mem*)
                0x100040b0                . = ((. + 0x3) & 0xfffffffc)
                0x100040b0                __Logic_Heap_End__ = .
                0x000041b0                . = DEFINED (Heap_Mem)?((. + 0x3) & 0xfffffffc):(__Logic_Heap_End__ + __Heap_length__)
 *fill*         0x100040b0      0x100 
                0x100041b0                __Heap_End__ = .
                0x100041b0                __MAX_Stack_LIMITS__ = ((. + 0x3) & 0xfffffffc)
                0x100041b0                . = ((. + 0x3) & 0xfffffffc)
                0x100041b0                __LMA_STACK_LIMITS__ = DEFINED (Stack_Mem)?(__initial_sp - (__Logic_Stack_Start__ - __Logic_Stack_End__)):.
                0x100041b0                . = __LMA_STACK_LIMITS__
                0x100041b0                __Logic_Stack_End__ = .
 *(.stack_mem*)
                0x100041b0                __Logic_Stack_Start__ = .
                0x00010000                __initial_sp = 0x10000
                0x00000100                PROVIDE (__Heap_length__, 0x100)

.flashdata      0x0c001c00      0x400
 *(.flashdata*)
                0x00000400                . = 0x400
 *fill*         0x0c001c00      0x400 

.debugormode
 *(.modeconfig*)

.protectmode
 *(.protectconfig*)

.eeprom         0x7f000000     0x1000
 *(.eeprom*)
                0x00001000                . = 0x1000
 *fill*         0x7f000000     0x1000 

.config1
 *(.config1*)

.config2
 *(.config2*)

.stab           0x00000000    0x2d684
 *(.stab)
 .stab          0x00000000     0x1a4c ./src/kf32a9k1xxx_adc.o
                               0x306c (size before relaxing)
 .stab          0x00001a4c      0x594 ./src/kf32a9k1xxx_aes.o
                               0x12cc (size before relaxing)
 .stab          0x00001fe0     0x2940 ./src/kf32a9k1xxx_atim.o
                               0x7fb0 (size before relaxing)
 .stab          0x00004920      0x498 ./src/kf32a9k1xxx_bkp.o
                               0x1254 (size before relaxing)
 .stab          0x00004db8     0x1104 ./src/kf32a9k1xxx_btim.o
                               0x2508 (size before relaxing)
 .stab          0x00005ebc      0xd74 ./src/kf32a9k1xxx_can.o
                               0x31bc (size before relaxing)
 .stab          0x00006c30      0xef4 ./src/kf32a9k1xxx_canfd.o
                               0x2da8 (size before relaxing)
 .stab          0x00007b24      0x4bc ./src/kf32a9k1xxx_cfgl.o
                               0x19e0 (size before relaxing)
 .stab          0x00007fe0      0xac8 ./src/kf32a9k1xxx_cmp.o
                               0x297c (size before relaxing)
 .stab          0x00008aa8      0x378 ./src/kf32a9k1xxx_crc.o
                                0xda4 (size before relaxing)
 .stab          0x00008e20      0x6a8 ./src/kf32a9k1xxx_dac.o
                               0x18a8 (size before relaxing)
 .stab          0x000094c8      0x9fc ./src/kf32a9k1xxx_dma.o
                               0x2130 (size before relaxing)
 .stab          0x00009ec4      0x660 ./src/kf32a9k1xxx_ecfgl.o
                               0x1638 (size before relaxing)
 .stab          0x0000a524     0x22e0 ./src/kf32a9k1xxx_epwm.o
                               0x3f6c (size before relaxing)
 .stab          0x0000c804      0x480 ./src/kf32a9k1xxx_ewdt.o
                               0x10ec (size before relaxing)
 .stab          0x0000cc84      0x2e8 ./src/kf32a9k1xxx_exic.o
                                0xef4 (size before relaxing)
 .stab          0x0000cf6c      0xbb8 ./src/kf32a9k1xxx_fdc.o
                               0x291c (size before relaxing)
 .stab          0x0000db24      0xe34 ./src/kf32a9k1xxx_flash.o
                               0x33a8 (size before relaxing)
 .stab          0x0000e958      0x390 ./src/kf32a9k1xxx_flexmux.o
                                0xdec (size before relaxing)
 .stab          0x0000ece8     0x10f8 ./src/kf32a9k1xxx_gpio.o
                               0x22a4 (size before relaxing)
 .stab          0x0000fde0     0x10a4 ./src/kf32a9k1xxx_gtim.o
                               0x3864 (size before relaxing)
 .stab          0x00010e84      0x558 ./src/kf32a9k1xxx_hrcap.o
                               0x1560 (size before relaxing)
 .stab          0x000113dc      0xf78 ./src/kf32a9k1xxx_i2c.o
                               0x31bc (size before relaxing)
 .stab          0x00012354      0xb94 ./src/kf32a9k1xxx_int.o
                               0x1c5c (size before relaxing)
 .stab          0x00012ee8      0x258 ./src/kf32a9k1xxx_iwdt.o
                                0xa68 (size before relaxing)
 .stab          0x00013140      0x600 ./src/kf32a9k1xxx_op.o
                               0x168c (size before relaxing)
 .stab          0x00013740     0x1248 ./src/kf32a9k1xxx_osc.o
                               0x2820 (size before relaxing)
 .stab          0x00014988      0x354 ./src/kf32a9k1xxx_pclk.o
                                0x9f0 (size before relaxing)
 .stab          0x00014cdc     0x1290 ./src/kf32a9k1xxx_pm.o
                               0x38c4 (size before relaxing)
 .stab          0x00015f6c      0x984 ./src/kf32a9k1xxx_qei.o
                               0x2070 (size before relaxing)
 .stab          0x000168f0      0x4bc ./src/kf32a9k1xxx_rng.o
                               0x10c8 (size before relaxing)
 .stab          0x00016dac      0x354 ./src/kf32a9k1xxx_rst.o
                                0x9f0 (size before relaxing)
 .stab          0x00017100     0x1560 ./src/kf32a9k1xxx_rtc.o
                               0x4b6c (size before relaxing)
 .stab          0x00018660      0xa5c ./src/kf32a9k1xxx_spi.o
                               0x228c (size before relaxing)
 .stab          0x000190bc      0x6cc ./src/kf32a9k1xxx_sysctl.o
                               0x17c4 (size before relaxing)
 .stab          0x00019788      0x4d4 ./src/kf32a9k1xxx_systick.o
                                0xd20 (size before relaxing)
 .stab          0x00019c5c     0x1c14 ./src/kf32a9k1xxx_usart.o
                               0x43e0 (size before relaxing)
 .stab          0x0001b870      0x7c8 ./src/kf32a9k1xxx_wwdt.o
                                0xd14 (size before relaxing)
 .stab          0x0001c038      0xd8c ./driver/driver_adc.o
                               0x1728 (size before relaxing)
 .stab          0x0001cdc4      0x2e8 ./driver/driver_dma.o
                                0xe4c (size before relaxing)
 .stab          0x0001d0ac      0x258 ./driver/driver_flex.o
                                0xcb4 (size before relaxing)
 .stab          0x0001d304      0x4bc ./driver/driver_gpio.o
                                0xea0 (size before relaxing)
 .stab          0x0001d7c0      0xb94 ./driver/driver_pwm.o
                               0x180c (size before relaxing)
 .stab          0x0001e354       0xe4 ./driver/driver_qei.o
                                 0xf0 (size before relaxing)
 .stab          0x0001e438      0x3b4 ./driver/driver_timer.o
                                0xdb0 (size before relaxing)
 .stab          0x0001e7ec      0x420 ./driver/driver_usart.o
                                0xe40 (size before relaxing)
 .stab          0x0001ec0c      0x36c ./driver/hardware_init.o
                                0xe10 (size before relaxing)
 .stab          0x0001ef78      0x774 ./driver/kf_it.o
                               0x12b4 (size before relaxing)
 .stab          0x0001f6ec      0x63c ./driver/system_init.o
                               0x114c (size before relaxing)
 .stab          0x0001fd28      0xb94 ./application/alarm.o
                               0x12f0 (size before relaxing)
 .stab          0x000208bc      0x33c ./application/application_init.o
                                0xe34 (size before relaxing)
 .stab          0x00020bf8      0x678 ./application/commu.o
                               0x1014 (size before relaxing)
 .stab          0x00021270      0x450 ./application/control.o
                                0xf6c (size before relaxing)
 .stab          0x000216c0      0x54c ./application/param.o
                               0x1068 (size before relaxing)
 .stab          0x00021c0c      0x450 ./application/smc.o
                                0xf6c (size before relaxing)
 .stab          0x0002205c      0x5dc ./application/speed.o
                               0x10f8 (size before relaxing)
 .stab          0x00022638      0x900 ./application/state_machine.o
                               0x141c (size before relaxing)
 .stab          0x00022f38      0x480 ./application/task.o
                                0xff0 (size before relaxing)
 .stab          0x000233b8      0x150 ./application/user.o
                                0x2f4 (size before relaxing)
 .stab          0x00023508      0x210 ./_config/startup.o
                                0x21c (size before relaxing)
 .stab          0x00023718      0x108 ./_config/vector.o
                                0x114 (size before relaxing)
 .stab          0x00023820      0x36c ./main.o
                                0xeb8 (size before relaxing)
 .stab          0x00023b8c      0xf24 C:\kf32_workspace_copy\KF32A156_DEMO_PMSM_FOC_V1_1/libkf32a156foc2shunt.a(angle_est.o)
                               0x1164 (size before relaxing)
 .stab          0x00024ab0     0x2fdc C:\kf32_workspace_copy\KF32A156_DEMO_PMSM_FOC_V1_1/libkf32a156foc2shunt.a(libkf32foc.o)
                               0x3ff0 (size before relaxing)
 .stab          0x00027a8c      0x87c C:/Program Files (x86)/ChipON IDE/KungFu32/ChiponCC32/ccr1_issue/lib/libSeriesDIServices.a(__X2CScopeWrapper.o)
                                0xa74 (size before relaxing)
 .stab          0x00028308      0xb4c C:/Program Files (x86)/ChipON IDE/KungFu32/ChiponCC32/ccr1_issue/lib/libSeriesDIServices.a(__BlockServicesX2C.o)
                                0xea0 (size before relaxing)
 .stab          0x00028e54      0xb70 C:/Program Files (x86)/ChipON IDE/KungFu32/ChiponCC32/ccr1_issue/lib/libSeriesDIServices.a(__LNet.o)
                                0xef4 (size before relaxing)
 .stab          0x000299c4      0x48c C:/Program Files (x86)/ChipON IDE/KungFu32/ChiponCC32/ccr1_issue/lib/libSeriesDIServices.a(__SerialGeneric.o)
                                0x7d4 (size before relaxing)
 .stab          0x00029e50      0xfd8 C:/Program Files (x86)/ChipON IDE/KungFu32/ChiponCC32/ccr1_issue/lib/libSeriesDIServices.a(__Services.o)
                               0x132c (size before relaxing)
 .stab          0x0002ae28      0x288 C:/Program Files (x86)/ChipON IDE/KungFu32/ChiponCC32/ccr1_issue/lib/libSeriesDIServices.a(__TableStruct.o)
                                0x5c4 (size before relaxing)
 .stab          0x0002b0b0      0x1bc C:/Program Files (x86)/ChipON IDE/KungFu32/ChiponCC32/ccr1_issue/lib/libSeriesDIServices.a(__VersionInfo.o)
                                0x4ec (size before relaxing)
 .stab          0x0002b26c      0x228 C:/Program Files (x86)/ChipON IDE/KungFu32/ChiponCC32/ccr1_issue/lib/libSeriesDIServices.a(__X2C.o)
                                0x558 (size before relaxing)
 .stab          0x0002b494     0x1e60 C:/Program Files (x86)/ChipON IDE/KungFu32/ChiponCC32/ccr1_issue/lib/libSeriesDIServices.a(__Scope_Main.o)
                               0x2190 (size before relaxing)
 .stab          0x0002d2f4      0x390 C:/Program Files (x86)/ChipON IDE/KungFu32/ChiponCC32/ccr1_issue/lib/libSeriesDIServices.a(__CommonFcts.o)
                                0x99c (size before relaxing)

.stabstr        0x00000000    0x25386
 *(.stabstr)
 .stabstr       0x00000000    0x25386 ./src/kf32a9k1xxx_adc.o

.stab.excl
 *(.stab.excl)

.stab.exclstr
 *(.stab.exclstr)

.stab.index
 *(.stab.index)

.stab.indexstr
 *(.stab.indexstr)

.comment
 *(.comment)

.debug
 *(.debug)

.line
 *(.line)

.debug_srcinfo
 *(.debug_srcinfo)

.debug_sfnames
 *(.debug_sfnames)

.debug_aranges
 *(.debug_aranges)

.debug_pubnames
 *(.debug_pubnames)

.debug_info
 *(.debug_info .gnu.linkonce.wi.*)

.debug_abbrev
 *(.debug_abbrev)

.debug_line
 *(.debug_line .debug_line.* .debug_line_end)

.debug_frame
 *(.debug_frame)

.debug_str
 *(.debug_str)

.debug_loc
 *(.debug_loc)

.debug_macinfo
 *(.debug_macinfo)

.debug_weaknames
 *(.debug_weaknames)

.debug_funcnames
 *(.debug_funcnames)

.debug_typenames
 *(.debug_typenames)

.debug_varnames
 *(.debug_varnames)

.debug_pubtypes
 *(.debug_pubtypes)

.debug_ranges
 *(.debug_ranges)

.debug_macro
 *(.debug_macro)

.gnu.attributes
 *(.gnu.attributes)

/DISCARD/
 *(.note.GNU-stack)
 *(.gnu_debuglink)
 *(.gnu.lto_*)
OUTPUT(KF32A156_DEMO_PMSM_FOC_V1_1.elf elf32-kungfu32-little)
